<html>
<body>
<pre>
<h1>µVision Build Log</h1>
<h2>Tool Versions:</h2>
IDE-Version: ¦ÌVision V5.21.1.0
Copyright (C) 2016 ARM Ltd and ARM Germany GmbH. All rights reserved.
License Information: yan hy 111 Flex license: MDK-ARM Plus: 60 user(s) (mdk_std) Support: Jan 2018
 
Tool Versions:
Toolchain:       MDK-ARM Plus: 60 user(s)  Version: 5.21a
Toolchain Path:  D:\MDK\ARM\ARMCC\Bin
C Compiler:      Armcc.exe V5.06 update 3 (build 300)
Assembler:       Armasm.exe V5.06 update 3 (build 300)
Linker/Locator:  ArmLink.exe V5.06 update 3 (build 300)
Library Manager: ArmAr.exe V5.06 update 3 (build 300)
Hex Converter:   FromElf.exe V5.06 update 3 (build 300)
CPU DLL:         SARMCM3.DLL V5.21a
Dialog DLL:      DARMCM1.DLL V1.14.0.0
Target DLL:      CMSIS_AGDI.dll V1.26.5.0
Dialog DLL:      TARMCM1.DLL V1.10.0.0
 
<h2>Project:</h2>
E:\Project\PSA\PSA2020 demo\Bridge\Dis_bridge2\Host_demo2.0.uvprojx
Project File Date:  06/02/2020

<h2>Output:</h2>
*** Using Compiler 'V5.06 update 3 (build 300)', folder: 'D:\MDK\ARM\ARMCC\Bin'
Rebuild target 'Host_demo2.0'
compiling main.c...
compiling CLK.c...
compiling i2c.c...
compiling adc.c...
compiling ics.c...
compiling kbi.c...
compiling nvic.c...
compiling pit.c...
compiling rtc.c...
compiling wdog.c...
compiling max_serializer_ctrl.c...
compiling max_serializer_if.c...
compiling max_serializer_data.c...
compiling uart.c...
compiling ti_serializer_ctrl.c...
compiling ti_serializer_data.c...
compiling ti_serializer_if.c...
compiling atmel_1189.c...
compiling APP_COMM_data.c...
compiling APP_COMM_if.c...
assembling startup_SKEAZ1284.s...
compiling serializer_select.c...
compiling system_SKEAZ1284.c...
linking...
Program Size: Code=3312 RO-data=480 RW-data=60 ZI-data=6092  
".\Objects\Host_demo.axf" - 0 Error(s), 0 Warning(s).

<h2>Software Packages used:</h2>

Package Vendor: ARM
                http://www.keil.com/pack/ARM.CMSIS.4.5.0.pack
                ARM::CMSIS:CORE:4.3.0
                CMSIS (Cortex Microcontroller Software Interface Standard)
   * Component: CORE Version: 4.3.0

Package Vendor: Keil
                http://www.keil.com/pack/Keil.Kinetis_KEAxx_DFP.1.3.0.pack
                Keil::Device:Startup:1.0.0
                NXP Kinetis KEAxx Series Device Support and Examples
   * Component: Startup Version: 1.0.0

<h2>Collection of Component include folders:</h2>
  E:\Project\PSA\PSA2020 demo\Bridge\Dis_bridge2\RTE
  D:\MDK\ARM\PACK\ARM\CMSIS\4.5.0\CMSIS\Include
  D:\MDK\ARM\PACK\Keil\Kinetis_KEAxx_DFP\1.3.0\Device\Include

<h2>Collection of Component Files used:</h2>

   * Component: ARM::CMSIS:CORE:4.3.0

   * Component: Keil::Device:Startup:1.0.0
      Source file:   Device\Source\ARM\startup_SKEAZ1284.s
      Source file:   Device\Source\system_SKEAZ1284.c
Build Time Elapsed:  00:00:09
</pre>
</body>
</html>
