Component: ARM Compiler 5.06 update 3 (build 300) Tool: armlink [4d35c9]

==============================================================================

Section Cross References

    main.o(i.main) refers to clk.o(i.Clk_Init) for Clk_Init
    main.o(i.main) refers to app_comm_if.o(i.APP_COMM_If_Init) for APP_COMM_If_Init
    main.o(i.main) refers to max_serializer_if.o(i.Max_Ser_If_Init) for Max_Ser_If_Init
    main.o(i.main) refers to app_comm_if.o(i.APP_COMM_If_Task) for APP_COMM_If_Task
    main.o(i.main) refers to max_serializer_if.o(i.Max_Ser_If_Task) for Max_Ser_If_Task
    adc.o(i.ADC_DeInit) refers to adc.o(i.ADC_SetChannel) for ADC_SetChannel
    adc.o(i.ADC_IRQHandler) refers to adc.o(.data) for ADC_Callback
    adc.o(i.ADC_Init) refers to adc.o(i.ADC_SelectClock) for ADC_SelectClock
    adc.o(i.ADC_Init) refers to adc.o(i.ADC_SelectClockDivide) for ADC_SelectClockDivide
    adc.o(i.ADC_Init) refers to adc.o(i.ADC_SetMode) for ADC_SetMode
    adc.o(i.ADC_Init) refers to adc.o(i.ADC_SetFifoLevel) for ADC_SetFifoLevel
    adc.o(i.ADC_Init) refers to nvic.o(i.Enable_Interrupt) for Enable_Interrupt
    adc.o(i.ADC_PollRead) refers to adc.o(i.ADC_SetChannel) for ADC_SetChannel
    adc.o(i.ADC_SetCallBack) refers to adc.o(.data) for ADC_Callback
    i2c.o(i.I2C0_IRQHandler) refers to i2c.o(.data) for I2C_Callback
    i2c.o(i.I2C0_SetCallBack) refers to i2c.o(.data) for I2C_Callback
    i2c.o(i.I2C1_IRQHandler) refers to i2c.o(i.I2C_ClearStatus) for I2C_ClearStatus
    i2c.o(i.I2C1_IRQHandler) refers to i2c.o(.data) for pI2C1
    i2c.o(i.I2C1_SetCallBack) refers to i2c.o(.data) for I2C_Callback
    i2c.o(i.I2C_Deinit) refers to i2c.o(.data) for pI2C0
    i2c.o(i.I2C_Init) refers to i2c.o(i.I2C_SetSlaveAddress) for I2C_SetSlaveAddress
    i2c.o(i.I2C_Init) refers to i2c.o(i.I2C_SetSCLLowTimeout) for I2C_SetSCLLowTimeout
    i2c.o(i.I2C_Init) refers to nvic.o(i.Enable_Interrupt) for Enable_Interrupt
    i2c.o(i.I2C_Init) refers to i2c.o(.data) for pI2C0
    i2c.o(i.I2C_IntDisable) refers to nvic.o(i.Disable_Interrupt) for Disable_Interrupt
    i2c.o(i.I2C_IntDisable) refers to i2c.o(.data) for pI2C0
    i2c.o(i.I2C_IntEnable) refers to nvic.o(i.Enable_Interrupt) for Enable_Interrupt
    i2c.o(i.I2C_IntEnable) refers to i2c.o(.data) for pI2C0
    i2c.o(i.I2C_MasterRead) refers to i2c.o(i.I2C_IntDisable) for I2C_IntDisable
    i2c.o(i.I2C_MasterRead) refers to i2c.o(i.I2C_Start) for I2C_Start
    i2c.o(i.I2C_MasterRead) refers to i2c.o(i.I2C_WriteOneByte) for I2C_WriteOneByte
    i2c.o(i.I2C_MasterRead) refers to i2c.o(i.I2C_SendAck) for I2C_SendAck
    i2c.o(i.I2C_MasterRead) refers to i2c.o(i.I2C_RxEnable) for I2C_RxEnable
    i2c.o(i.I2C_MasterRead) refers to i2c.o(i.I2C_IntEnable) for I2C_IntEnable
    i2c.o(i.I2C_MasterReadWait) refers to i2c.o(i.I2C_IntDisable) for I2C_IntDisable
    i2c.o(i.I2C_MasterReadWait) refers to i2c.o(i.I2C_Start) for I2C_Start
    i2c.o(i.I2C_MasterReadWait) refers to i2c.o(i.I2C_WriteOneByte) for I2C_WriteOneByte
    i2c.o(i.I2C_MasterReadWait) refers to i2c.o(i.I2C_ReadOneByte) for I2C_ReadOneByte
    i2c.o(i.I2C_MasterReadWait) refers to i2c.o(i.I2C_Stop) for I2C_Stop
    i2c.o(i.I2C_MasterReadWait) refers to i2c.o(i.I2C_IntEnable) for I2C_IntEnable
    i2c.o(i.I2C_MasterSend) refers to i2c.o(i.I2C_IsBusy) for I2C_IsBusy
    i2c.o(i.I2C_MasterSend) refers to i2c.o(i.I2C_Start) for I2C_Start
    i2c.o(i.I2C_MasterSend) refers to i2c.o(i.I2C_TxEnable) for I2C_TxEnable
    i2c.o(i.I2C_MasterSend) refers to i2c.o(i.I2C_WriteOneByte) for I2C_WriteOneByte
    i2c.o(i.I2C_MasterSendWait) refers to i2c.o(i.I2C_IntDisable) for I2C_IntDisable
    i2c.o(i.I2C_MasterSendWait) refers to i2c.o(i.I2C_Start) for I2C_Start
    i2c.o(i.I2C_MasterSendWait) refers to i2c.o(i.I2C_WriteOneByte) for I2C_WriteOneByte
    i2c.o(i.I2C_MasterSendWait) refers to i2c.o(i.I2C_Stop) for I2C_Stop
    i2c.o(i.I2C_MasterSendWait) refers to i2c.o(i.I2C_IntEnable) for I2C_IntEnable
    i2c.o(i.I2C_ReadOneByte) refers to i2c.o(i.I2C_GetStatus) for I2C_GetStatus
    i2c.o(i.I2C_ReadOneByte) refers to i2c.o(i.I2C_RxEnable) for I2C_RxEnable
    i2c.o(i.I2C_ReadOneByte) refers to i2c.o(i.I2C_SendAck) for I2C_SendAck
    i2c.o(i.I2C_ReadOneByte) refers to i2c.o(i.I2C_ClearStatus) for I2C_ClearStatus
    i2c.o(i.I2C_RepeatStart) refers to i2c.o(i.I2C_IsBusy) for I2C_IsBusy
    i2c.o(i.I2C_Start) refers to i2c.o(i.I2C_TxEnable) for I2C_TxEnable
    i2c.o(i.I2C_Start) refers to i2c.o(i.I2C_IsBusy) for I2C_IsBusy
    i2c.o(i.I2C_Stop) refers to i2c.o(i.I2C_IsBusy) for I2C_IsBusy
    i2c.o(i.I2C_WriteOneByte) refers to i2c.o(i.I2C_GetStatus) for I2C_GetStatus
    i2c.o(i.I2C_WriteOneByte) refers to i2c.o(i.I2C_TxEnable) for I2C_TxEnable
    i2c.o(i.I2C_WriteOneByte) refers to i2c.o(i.I2C_ClearStatus) for I2C_ClearStatus
    ics.o(i.FBE_to_FBI) refers to ics.o(i.OSC_Disable) for OSC_Disable
    ics.o(i.FBE_to_FBI) refers to ics.o(i.ICS_SetBusDivider) for ICS_SetBusDivider
    ics.o(i.FBE_to_FEE) refers to ics.o(i.ICS_SetBusDivider) for ICS_SetBusDivider
    ics.o(i.FBE_to_FEI) refers to ics.o(i.OSC_Disable) for OSC_Disable
    ics.o(i.FBE_to_FEI) refers to ics.o(i.ICS_SetBusDivider) for ICS_SetBusDivider
    ics.o(i.FBI_to_FBE) refers to ics.o(i.OSC_Init) for OSC_Init
    ics.o(i.FBI_to_FBE) refers to ics.o(i.ICS_SetBusDivider) for ICS_SetBusDivider
    ics.o(i.FBI_to_FEE) refers to ics.o(i.OSC_Init) for OSC_Init
    ics.o(i.FBI_to_FEE) refers to ics.o(i.ICS_SetOscDivider) for ICS_SetOscDivider
    ics.o(i.FBI_to_FEE) refers to ics.o(i.ICS_SetBusDivider) for ICS_SetBusDivider
    ics.o(i.FBI_to_FEI) refers to ics.o(i.ICS_SetBusDivider) for ICS_SetBusDivider
    ics.o(i.FEE_to_FBE) refers to ics.o(i.ICS_SetBusDivider) for ICS_SetBusDivider
    ics.o(i.FEE_to_FBI) refers to ics.o(i.OSC_Disable) for OSC_Disable
    ics.o(i.FEE_to_FBI) refers to ics.o(i.ICS_SetBusDivider) for ICS_SetBusDivider
    ics.o(i.FEE_to_FEI) refers to ics.o(i.OSC_Disable) for OSC_Disable
    ics.o(i.FEE_to_FEI) refers to ics.o(i.ICS_SetBusDivider) for ICS_SetBusDivider
    ics.o(i.FEI_factory_to_FEI_custom) refers to ics.o(i.ICS_SetBusDivider) for ICS_SetBusDivider
    ics.o(i.FEI_to_FBE) refers to ics.o(i.OSC_Init) for OSC_Init
    ics.o(i.FEI_to_FBE) refers to ics.o(i.ICS_SetBusDivider) for ICS_SetBusDivider
    ics.o(i.FEI_to_FBI) refers to ics.o(i.ICS_SetBusDivider) for ICS_SetBusDivider
    ics.o(i.FEI_to_FEE) refers to ics.o(i.OSC_Init) for OSC_Init
    ics.o(i.FEI_to_FEE) refers to ics.o(i.ICS_SetOscDivider) for ICS_SetOscDivider
    ics.o(i.FEI_to_FEE) refers to ics.o(i.ICS_SetBusDivider) for ICS_SetBusDivider
    ics.o(i.ICS_Init) refers to ics.o(i.FEI_to_FEE) for FEI_to_FEE
    ics.o(i.ICS_Init) refers to ics.o(i.FEI_to_FBE) for FEI_to_FBE
    ics.o(i.ICS_Init) refers to ics.o(i.ICS_SetBusDivider) for ICS_SetBusDivider
    ics.o(i.ICS_Init) refers to ics.o(i.FEI_factory_to_FEI_custom) for FEI_factory_to_FEI_custom
    ics.o(i.ICS_Init) refers to ics.o(i.FEI_to_FBI) for FEI_to_FBI
    kbi.o(i.KBI0_IRQHandler) refers to kbi.o(.data) for KBI_Callback
    kbi.o(i.KBI1_IRQHandler) refers to kbi.o(.data) for KBI_Callback
    kbi.o(i.KBI_DeInit) refers to nvic.o(i.Disable_Interrupt) for Disable_Interrupt
    kbi.o(i.KBI_DeInit) refers to kbi.o(.data) for pKBI0
    kbi.o(i.KBI_Init) refers to rt_memcpy.o(.emb_text) for __aeabi_memcpy4
    kbi.o(i.KBI_Init) refers to nvic.o(i.Enable_Interrupt) for Enable_Interrupt
    kbi.o(i.KBI_Init) refers to kbi.o(.constdata) for .constdata
    kbi.o(i.KBI_Init) refers to kbi.o(.data) for pKBI0
    kbi.o(i.KBI_SetCallback) refers to kbi.o(.data) for pKBI0
    pit.o(i.PIT_CH0_IRQHandler) refers to pit.o(i.PIT_ChannelClrFlags) for PIT_ChannelClrFlags
    pit.o(i.PIT_CH0_IRQHandler) refers to pit.o(.data) for PIT_Callback
    pit.o(i.PIT_CH1_IRQHandler) refers to pit.o(i.PIT_ChannelClrFlags) for PIT_ChannelClrFlags
    pit.o(i.PIT_CH1_IRQHandler) refers to pit.o(.data) for PIT_Callback
    pit.o(i.PIT_DeInit) refers to nvic.o(i.Disable_Interrupt) for Disable_Interrupt
    pit.o(i.PIT_DeInit) refers to pit.o(i.PIT_SetLoadVal) for PIT_SetLoadVal
    pit.o(i.PIT_DeInit) refers to pit.o(i.PIT_ChannelDisable) for PIT_ChannelDisable
    pit.o(i.PIT_DeInit) refers to pit.o(i.PIT_ChannelDisableInt) for PIT_ChannelDisableInt
    pit.o(i.PIT_DeInit) refers to pit.o(i.PIT_ChannelDisableChain) for PIT_ChannelDisableChain
    pit.o(i.PIT_DeInit) refers to pit.o(i.PIT_ChannelClrFlags) for PIT_ChannelClrFlags
    pit.o(i.PIT_Init) refers to pit.o(i.PIT_SetLoadVal) for PIT_SetLoadVal
    pit.o(i.PIT_Init) refers to nvic.o(i.Enable_Interrupt) for Enable_Interrupt
    pit.o(i.PIT_Init) refers to nvic.o(i.Disable_Interrupt) for Disable_Interrupt
    pit.o(i.PIT_SetCallback) refers to pit.o(.data) for PIT_Callback
    rtc.o(i.RTC_DeInit) refers to nvic.o(i.Disable_Interrupt) for Disable_Interrupt
    rtc.o(i.RTC_DeInit) refers to rtc.o(i.RTC_ClrFlags) for RTC_ClrFlags
    rtc.o(i.RTC_IRQHandler) refers to rtc.o(i.RTC_ClrFlags) for RTC_ClrFlags
    rtc.o(i.RTC_IRQHandler) refers to rtc.o(.data) for RTC_Callback
    rtc.o(i.RTC_Init) refers to nvic.o(i.Enable_Interrupt) for Enable_Interrupt
    rtc.o(i.RTC_Init) refers to nvic.o(i.Disable_Interrupt) for Disable_Interrupt
    rtc.o(i.RTC_Init) refers to rtc.o(i.RTC_ClrFlags) for RTC_ClrFlags
    rtc.o(i.RTC_SetCallback) refers to rtc.o(.data) for RTC_Callback
    wdog.o(i.WDOG_IRQHandler) refers to wdog.o(.data) for WDOG_Callback
    wdog.o(i.WDOG_Init) refers to nvic.o(i.Enable_Interrupt) for Enable_Interrupt
    wdog.o(i.WDOG_Init) refers to nvic.o(i.Disable_Interrupt) for Disable_Interrupt
    wdog.o(i.WDOG_SetCallback) refers to wdog.o(.data) for WDOG_Callback
    max_serializer_ctrl.o(i.Max_Ser_Ctrl_APP_Data_Send) refers to max_serializer_if.o(i.Max_Ser_If_Data_APP_Send) for Max_Ser_If_Data_APP_Send
    max_serializer_ctrl.o(i.Max_Ser_Ctrl_Init) refers to max_serializer_data.o(i.Max_Ser_Data_Init) for Max_Ser_Data_Init
    max_serializer_ctrl.o(i.Max_Ser_Ctrl_Init) refers to max_serializer_ctrl.o(i.Max_Ser_Data_Cfg_Init_Before_Edid) for Max_Ser_Data_Cfg_Init_Before_Edid
    max_serializer_ctrl.o(i.Max_Ser_Ctrl_Init) refers to max_serializer_data.o(i.Max_Ser_EDID_Cfg_Init) for Max_Ser_EDID_Cfg_Init
    max_serializer_ctrl.o(i.Max_Ser_Ctrl_Init) refers to max_serializer_ctrl.o(i.Max_Ser_Data_Cfg_Init_After_Edid) for Max_Ser_Data_Cfg_Init_After_Edid
    max_serializer_ctrl.o(i.Max_Ser_Ctrl_Task) refers to max_serializer_data.o(i.Max_Ser_Receive_Data_Send) for Max_Ser_Receive_Data_Send
    max_serializer_ctrl.o(i.Max_Ser_Data_Cfg_Init_After_Edid) refers to max_serializer_data.o(i.Max_Ser_Data_UART_Write) for Max_Ser_Data_UART_Write
    max_serializer_ctrl.o(i.Max_Ser_Data_Cfg_Init_After_Edid) refers to max_serializer_data.o(i.Max_Ser_Data_UART_Read) for Max_Ser_Data_UART_Read
    max_serializer_ctrl.o(i.Max_Ser_Data_Cfg_Init_Before_Edid) refers to max_serializer_data.o(i.Max_Ser_Data_UART_Write) for Max_Ser_Data_UART_Write
    max_serializer_data.o(i.Max_Ser_Data_I2C_Or_Uart_Init) refers to uart.o(i.UART_SetCallback) for UART_SetCallback
    max_serializer_data.o(i.Max_Ser_Data_I2C_Or_Uart_Init) refers to uart.o(i.UART_Init) for UART_Init
    max_serializer_data.o(i.Max_Ser_Data_I2C_Or_Uart_Init) refers to max_serializer_data.o(i.Max_Ser_Data_IRQHander) for Max_Ser_Data_IRQHander
    max_serializer_data.o(i.Max_Ser_Data_IRQHander) refers to uart.o(i.UART_GetChar) for UART_GetChar
    max_serializer_data.o(i.Max_Ser_Data_IRQHander) refers to aeabi_sdiv.o(.text) for __aeabi_uidivmod
    max_serializer_data.o(i.Max_Ser_Data_IRQHander) refers to max_serializer_data.o(.bss) for Comm_Buf
    max_serializer_data.o(i.Max_Ser_Data_Init) refers to max_serializer_data.o(i.Max_Ser_Data_GPIO_Init) for Max_Ser_Data_GPIO_Init
    max_serializer_data.o(i.Max_Ser_Data_Init) refers to max_serializer_data.o(i.Max_Ser_Data_I2C_Or_Uart_Init) for Max_Ser_Data_I2C_Or_Uart_Init
    max_serializer_data.o(i.Max_Ser_Data_Init) refers to max_serializer_data.o(.bss) for Comm_Buf
    max_serializer_data.o(i.Max_Ser_Data_UART_Read) refers to uart.o(i.UART_SendWait) for UART_SendWait
    max_serializer_data.o(i.Max_Ser_Data_UART_Write) refers to uart.o(i.UART_SendWait) for UART_SendWait
    max_serializer_data.o(i.Max_Ser_EDID_Cfg_Init) refers to rt_memcpy.o(.emb_text) for __aeabi_memcpy4
    max_serializer_data.o(i.Max_Ser_EDID_Cfg_Init) refers to max_serializer_data.o(i.Max_Ser_Data_UART_Write) for Max_Ser_Data_UART_Write
    max_serializer_data.o(i.Max_Ser_EDID_Cfg_Init) refers to max_serializer_data.o(.constdata) for .constdata
    max_serializer_data.o(i.Max_Ser_Receive_Data_Send) refers to max_serializer_ctrl.o(i.Max_Ser_Ctrl_APP_Data_Send) for Max_Ser_Ctrl_APP_Data_Send
    max_serializer_data.o(i.Max_Ser_Receive_Data_Send) refers to aeabi_sdiv.o(.text) for __aeabi_uidivmod
    max_serializer_data.o(i.Max_Ser_Receive_Data_Send) refers to max_serializer_data.o(.bss) for Comm_Buf
    max_serializer_if.o(i.Max_Ser_If_Data_APP_Send) refers to app_comm_if.o(i.APP_COMM_If_Data_Send) for APP_COMM_If_Data_Send
    max_serializer_if.o(i.Max_Ser_If_Init) refers to max_serializer_ctrl.o(i.Max_Ser_Ctrl_Init) for Max_Ser_Ctrl_Init
    max_serializer_if.o(i.Max_Ser_If_Task) refers to max_serializer_ctrl.o(i.Max_Ser_Ctrl_Task) for Max_Ser_Ctrl_Task
    uart.o(i.UART0_IRQHandler) refers to uart.o(.bss) for UART_Callback
    uart.o(i.UART1_IRQHandler) refers to uart.o(.bss) for UART_Callback
    uart.o(i.UART2_IRQHandler) refers to uart.o(.bss) for UART_Callback
    uart.o(i.UART_CheckFlag) refers to uart.o(i.UART_GetFlags) for UART_GetFlags
    uart.o(i.UART_Init) refers to aeabi_sdiv.o(.text) for __aeabi_uidivmod
    uart.o(i.UART_Init) refers to nvic.o(i.Enable_Interrupt) for Enable_Interrupt
    uart.o(i.UART_SetBaudrate) refers to aeabi_sdiv.o(.text) for __aeabi_uidivmod
    uart.o(i.UART_SetCallback) refers to uart.o(.bss) for UART_Callback
    app_comm_data.o(i.APP_COMM_Data_IRQHander) refers to uart.o(i.UART_GetChar) for UART_GetChar
    app_comm_data.o(i.APP_COMM_Data_IRQHander) refers to aeabi_sdiv.o(.text) for __aeabi_uidivmod
    app_comm_data.o(i.APP_COMM_Data_IRQHander) refers to app_comm_data.o(.bss) for Comm_Buf
    app_comm_data.o(i.APP_COMM_Data_Init) refers to app_comm_data.o(i.APP_COMM_Data_UART_Init) for APP_COMM_Data_UART_Init
    app_comm_data.o(i.APP_COMM_Data_SER_Send) refers to uart.o(i.UART_SendWait) for UART_SendWait
    app_comm_data.o(i.APP_COMM_Data_SER_Task) refers to app_comm_data.o(i.APP_COMM_Data_SER_Send) for APP_COMM_Data_SER_Send
    app_comm_data.o(i.APP_COMM_Data_SER_Task) refers to aeabi_sdiv.o(.text) for __aeabi_uidivmod
    app_comm_data.o(i.APP_COMM_Data_SER_Task) refers to app_comm_data.o(.bss) for Comm_Buf
    app_comm_data.o(i.APP_COMM_Data_Send) refers to uart.o(i.UART_SendWait) for UART_SendWait
    app_comm_data.o(i.APP_COMM_Data_UART_Init) refers to uart.o(i.UART_SetCallback) for UART_SetCallback
    app_comm_data.o(i.APP_COMM_Data_UART_Init) refers to uart.o(i.UART_Init) for UART_Init
    app_comm_data.o(i.APP_COMM_Data_UART_Init) refers to app_comm_data.o(i.APP_COMM_Data_IRQHander) for APP_COMM_Data_IRQHander
    app_comm_if.o(i.APP_COMM_If_Data_Send) refers to app_comm_data.o(i.APP_COMM_Data_Send) for APP_COMM_Data_Send
    app_comm_if.o(i.APP_COMM_If_Init) refers to app_comm_data.o(i.APP_COMM_Data_Init) for APP_COMM_Data_Init
    app_comm_if.o(i.APP_COMM_If_Task) refers to app_comm_data.o(i.APP_COMM_Data_SER_Task) for APP_COMM_Data_SER_Task
    startup_skeaz1284.o(STACK) refers (Special) to heapauxi.o(.text) for __use_two_region_memory
    startup_skeaz1284.o(HEAP) refers (Special) to heapauxi.o(.text) for __use_two_region_memory
    startup_skeaz1284.o(RESET) refers (Special) to heapauxi.o(.text) for __use_two_region_memory
    startup_skeaz1284.o(RESET) refers to startup_skeaz1284.o(STACK) for __initial_sp
    startup_skeaz1284.o(RESET) refers to startup_skeaz1284.o(.text) for Reset_Handler
    startup_skeaz1284.o(RESET) refers to i2c.o(i.I2C0_IRQHandler) for I2C0_IRQHandler
    startup_skeaz1284.o(RESET) refers to i2c.o(i.I2C1_IRQHandler) for I2C1_IRQHandler
    startup_skeaz1284.o(RESET) refers to uart.o(i.UART0_IRQHandler) for UART0_IRQHandler
    startup_skeaz1284.o(RESET) refers to uart.o(i.UART1_IRQHandler) for UART1_IRQHandler
    startup_skeaz1284.o(RESET) refers to uart.o(i.UART2_IRQHandler) for UART2_IRQHandler
    startup_skeaz1284.o(RESET) refers to adc.o(i.ADC_IRQHandler) for ADC_IRQHandler
    startup_skeaz1284.o(RESET) refers to rtc.o(i.RTC_IRQHandler) for RTC_IRQHandler
    startup_skeaz1284.o(RESET) refers to pit.o(i.PIT_CH0_IRQHandler) for PIT_CH0_IRQHandler
    startup_skeaz1284.o(RESET) refers to pit.o(i.PIT_CH1_IRQHandler) for PIT_CH1_IRQHandler
    startup_skeaz1284.o(RESET) refers to kbi.o(i.KBI0_IRQHandler) for KBI0_IRQHandler
    startup_skeaz1284.o(RESET) refers to kbi.o(i.KBI1_IRQHandler) for KBI1_IRQHandler
    startup_skeaz1284.o(RESET) refers to wdog.o(i.WDOG_IRQHandler) for WDOG_IRQHandler
    startup_skeaz1284.o(.ARM.__at_0x400) refers (Special) to heapauxi.o(.text) for __use_two_region_memory
    startup_skeaz1284.o(.text) refers (Special) to heapauxi.o(.text) for __use_two_region_memory
    startup_skeaz1284.o(.text) refers to system_skeaz1284.o(i.SystemInit) for SystemInit
    startup_skeaz1284.o(.text) refers to __main.o(!!!main) for __main
    startup_skeaz1284.o(.text) refers to startup_skeaz1284.o(HEAP) for Heap_Mem
    startup_skeaz1284.o(.text) refers to startup_skeaz1284.o(STACK) for Stack_Mem
    system_skeaz1284.o(i.SystemCoreClockUpdate) refers to aeabi_sdiv.o(.text) for __aeabi_uidivmod
    system_skeaz1284.o(i.SystemCoreClockUpdate) refers to system_skeaz1284.o(.data) for SystemCoreClock
    rt_memcpy.o(.text) refers to rt_memcpy.o(.emb_text) for __aeabi_memcpy4
    __main.o(!!!main) refers to __rtentry.o(.ARM.Collect$$rtentry$$00000000) for __rt_entry
    __rtentry.o(.ARM.Collect$$rtentry$$00000000) refers (Special) to __rtentry2.o(.ARM.Collect$$rtentry$$0000000A) for __rt_entry_li
    __rtentry.o(.ARM.Collect$$rtentry$$00000000) refers (Special) to __rtentry2.o(.ARM.Collect$$rtentry$$0000000D) for __rt_entry_main
    __rtentry.o(.ARM.Collect$$rtentry$$00000000) refers (Special) to __rtentry2.o(.ARM.Collect$$rtentry$$0000000C) for __rt_entry_postli_1
    __rtentry.o(.ARM.Collect$$rtentry$$00000000) refers (Special) to __rtentry2.o(.ARM.Collect$$rtentry$$00000009) for __rt_entry_postsh_1
    __rtentry.o(.ARM.Collect$$rtentry$$00000000) refers (Special) to __rtentry2.o(.ARM.Collect$$rtentry$$00000002) for __rt_entry_presh_1
    __rtentry.o(.ARM.Collect$$rtentry$$00000000) refers (Special) to __rtentry4.o(.ARM.Collect$$rtentry$$00000004) for __rt_entry_sh
    aeabi_idiv0_sigfpe.o(.text) refers to rt_div0.o(.text) for __rt_div0
    __rtentry2.o(.ARM.Collect$$rtentry$$00000008) refers to boardinit2.o(.text) for _platform_post_stackheap_init
    __rtentry2.o(.ARM.Collect$$rtentry$$0000000A) refers to libinit.o(.ARM.Collect$$libinit$$00000000) for __rt_lib_init
    __rtentry2.o(.ARM.Collect$$rtentry$$0000000B) refers to boardinit3.o(.text) for _platform_post_lib_init
    __rtentry2.o(.ARM.Collect$$rtentry$$0000000D) refers to main.o(i.main) for main
    __rtentry2.o(.ARM.Collect$$rtentry$$0000000D) refers to exit.o(.text) for exit
    __rtentry2.o(.ARM.exidx) refers to __rtentry2.o(.ARM.Collect$$rtentry$$00000001) for .ARM.Collect$$rtentry$$00000001
    __rtentry2.o(.ARM.exidx) refers to __rtentry2.o(.ARM.Collect$$rtentry$$00000008) for .ARM.Collect$$rtentry$$00000008
    __rtentry2.o(.ARM.exidx) refers to __rtentry2.o(.ARM.Collect$$rtentry$$0000000A) for .ARM.Collect$$rtentry$$0000000A
    __rtentry2.o(.ARM.exidx) refers to __rtentry2.o(.ARM.Collect$$rtentry$$0000000B) for .ARM.Collect$$rtentry$$0000000B
    __rtentry2.o(.ARM.exidx) refers to __rtentry2.o(.ARM.Collect$$rtentry$$0000000D) for .ARM.Collect$$rtentry$$0000000D
    __rtentry4.o(.ARM.Collect$$rtentry$$00000004) refers to sys_stackheap_outer.o(.text) for __user_setup_stackheap
    __rtentry4.o(.ARM.exidx) refers to __rtentry4.o(.ARM.Collect$$rtentry$$00000004) for .ARM.Collect$$rtentry$$00000004
    rt_div0.o(.text) refers to defsig_fpe_outer.o(.text) for __rt_SIGFPE
    sys_stackheap_outer.o(.text) refers to libspace.o(.text) for __user_perproc_libspace
    sys_stackheap_outer.o(.text) refers to startup_skeaz1284.o(.text) for __user_initial_stackheap
    sys_stackheap_outer.o(__vectab_stack_and_reset_area) refers to tempstk.o(.text) for __temporary_stack_top
    sys_stackheap_outer.o(__vectab_stack_and_reset_area) refers to __main.o(!!!main) for __main
    exit.o(.text) refers to rtexit.o(.ARM.Collect$$rtexit$$00000000) for __rt_exit
    defsig_fpe_outer.o(.text) refers to defsig_fpe_inner.o(.text) for __rt_SIGFPE_inner
    defsig_fpe_outer.o(.text) refers to defsig_exit.o(.text) for __sig_exit
    defsig_fpe_formal.o(.text) refers to rt_raise.o(.text) for __rt_raise
    libinit.o(.ARM.Collect$$libinit$$00000000) refers (Special) to libinit2.o(.ARM.Collect$$libinit$$0000002E) for __rt_lib_init_alloca_1
    libinit.o(.ARM.Collect$$libinit$$00000000) refers (Special) to libinit2.o(.ARM.Collect$$libinit$$0000002C) for __rt_lib_init_argv_1
    libinit.o(.ARM.Collect$$libinit$$00000000) refers (Special) to libinit2.o(.ARM.Collect$$libinit$$0000001B) for __rt_lib_init_atexit_1
    libinit.o(.ARM.Collect$$libinit$$00000000) refers (Special) to libinit2.o(.ARM.Collect$$libinit$$00000021) for __rt_lib_init_clock_1
    libinit.o(.ARM.Collect$$libinit$$00000000) refers (Special) to libinit2.o(.ARM.Collect$$libinit$$00000032) for __rt_lib_init_cpp_1
    libinit.o(.ARM.Collect$$libinit$$00000000) refers (Special) to libinit2.o(.ARM.Collect$$libinit$$00000030) for __rt_lib_init_exceptions_1
    libinit.o(.ARM.Collect$$libinit$$00000000) refers (Special) to libinit2.o(.ARM.Collect$$libinit$$00000002) for __rt_lib_init_fp_1
    libinit.o(.ARM.Collect$$libinit$$00000000) refers (Special) to libinit2.o(.ARM.Collect$$libinit$$0000001F) for __rt_lib_init_fp_trap_1
    libinit.o(.ARM.Collect$$libinit$$00000000) refers (Special) to libinit2.o(.ARM.Collect$$libinit$$00000023) for __rt_lib_init_getenv_1
    libinit.o(.ARM.Collect$$libinit$$00000000) refers (Special) to libinit2.o(.ARM.Collect$$libinit$$0000000A) for __rt_lib_init_heap_1
    libinit.o(.ARM.Collect$$libinit$$00000000) refers (Special) to libinit2.o(.ARM.Collect$$libinit$$00000011) for __rt_lib_init_lc_collate_1
    libinit.o(.ARM.Collect$$libinit$$00000000) refers (Special) to libinit2.o(.ARM.Collect$$libinit$$00000013) for __rt_lib_init_lc_ctype_1
    libinit.o(.ARM.Collect$$libinit$$00000000) refers (Special) to libinit2.o(.ARM.Collect$$libinit$$00000015) for __rt_lib_init_lc_monetary_1
    libinit.o(.ARM.Collect$$libinit$$00000000) refers (Special) to libinit2.o(.ARM.Collect$$libinit$$00000017) for __rt_lib_init_lc_numeric_1
    libinit.o(.ARM.Collect$$libinit$$00000000) refers (Special) to libinit2.o(.ARM.Collect$$libinit$$00000019) for __rt_lib_init_lc_time_1
    libinit.o(.ARM.Collect$$libinit$$00000000) refers (Special) to libinit2.o(.ARM.Collect$$libinit$$00000004) for __rt_lib_init_preinit_1
    libinit.o(.ARM.Collect$$libinit$$00000000) refers (Special) to libinit2.o(.ARM.Collect$$libinit$$0000000E) for __rt_lib_init_rand_1
    libinit.o(.ARM.Collect$$libinit$$00000000) refers (Special) to libinit2.o(.ARM.Collect$$libinit$$00000033) for __rt_lib_init_return
    libinit.o(.ARM.Collect$$libinit$$00000000) refers (Special) to libinit2.o(.ARM.Collect$$libinit$$0000001D) for __rt_lib_init_signal_1
    libinit.o(.ARM.Collect$$libinit$$00000000) refers (Special) to libinit2.o(.ARM.Collect$$libinit$$00000025) for __rt_lib_init_stdio_1
    libinit.o(.ARM.Collect$$libinit$$00000000) refers (Special) to libinit2.o(.ARM.Collect$$libinit$$0000000C) for __rt_lib_init_user_alloc_1
    libspace.o(.text) refers to libspace.o(.bss) for __libspace_start
    rtexit.o(.ARM.Collect$$rtexit$$00000000) refers (Special) to rtexit2.o(.ARM.Collect$$rtexit$$00000004) for __rt_exit_exit
    rtexit.o(.ARM.Collect$$rtexit$$00000000) refers (Special) to rtexit2.o(.ARM.Collect$$rtexit$$00000003) for __rt_exit_ls
    rtexit.o(.ARM.Collect$$rtexit$$00000000) refers (Special) to rtexit2.o(.ARM.Collect$$rtexit$$00000002) for __rt_exit_prels_1
    rtexit.o(.ARM.exidx) refers (Special) to rtexit2.o(.ARM.Collect$$rtexit$$00000004) for __rt_exit_exit
    rtexit.o(.ARM.exidx) refers (Special) to rtexit2.o(.ARM.Collect$$rtexit$$00000003) for __rt_exit_ls
    rtexit.o(.ARM.exidx) refers (Special) to rtexit2.o(.ARM.Collect$$rtexit$$00000002) for __rt_exit_prels_1
    rtexit.o(.ARM.exidx) refers to rtexit.o(.ARM.Collect$$rtexit$$00000000) for .ARM.Collect$$rtexit$$00000000
    rt_raise.o(.text) refers to __raise.o(.text) for __raise
    rt_raise.o(.text) refers to sys_exit.o(.text) for _sys_exit
    defsig_exit.o(.text) refers to sys_exit.o(.text) for _sys_exit
    defsig_fpe_inner.o(.text) refers to defsig_general.o(.text) for __default_signal_display
    libinit2.o(.ARM.Collect$$libinit$$00000010) refers to libinit2.o(.ARM.Collect$$libinit$$0000000F) for .ARM.Collect$$libinit$$0000000F
    libinit2.o(.ARM.Collect$$libinit$$00000012) refers to libinit2.o(.ARM.Collect$$libinit$$0000000F) for .ARM.Collect$$libinit$$0000000F
    libinit2.o(.ARM.Collect$$libinit$$00000014) refers to libinit2.o(.ARM.Collect$$libinit$$0000000F) for .ARM.Collect$$libinit$$0000000F
    libinit2.o(.ARM.Collect$$libinit$$00000016) refers to libinit2.o(.ARM.Collect$$libinit$$0000000F) for .ARM.Collect$$libinit$$0000000F
    libinit2.o(.ARM.Collect$$libinit$$00000018) refers to libinit2.o(.ARM.Collect$$libinit$$0000000F) for .ARM.Collect$$libinit$$0000000F
    libinit2.o(.ARM.Collect$$libinit$$00000026) refers to argv_veneer.o(.text) for __ARM_argv_veneer
    libinit2.o(.ARM.Collect$$libinit$$00000027) refers to argv_veneer.o(.text) for __ARM_argv_veneer
    sys_exit.o(.text) refers (Special) to use_no_semi.o(.text) for __I$use$semihosting
    sys_exit.o(.text) refers (Special) to indicate_semi.o(.text) for __semihosting_library_function
    rtexit2.o(.ARM.Collect$$rtexit$$00000003) refers to libshutdown.o(.ARM.Collect$$libshutdown$$00000000) for __rt_lib_shutdown
    rtexit2.o(.ARM.Collect$$rtexit$$00000004) refers to sys_exit.o(.text) for _sys_exit
    rtexit2.o(.ARM.exidx) refers to rtexit2.o(.ARM.Collect$$rtexit$$00000001) for .ARM.Collect$$rtexit$$00000001
    rtexit2.o(.ARM.exidx) refers to rtexit2.o(.ARM.Collect$$rtexit$$00000003) for .ARM.Collect$$rtexit$$00000003
    rtexit2.o(.ARM.exidx) refers to rtexit2.o(.ARM.Collect$$rtexit$$00000004) for .ARM.Collect$$rtexit$$00000004
    __raise.o(.text) refers to defsig.o(CL$$defsig) for __default_signal_handler
    defsig_general.o(.text) refers to sys_wrch.o(.text) for _ttywrch
    sys_wrch.o(.text) refers (Special) to use_no_semi.o(.text) for __I$use$semihosting
    sys_wrch.o(.text) refers (Special) to indicate_semi.o(.text) for __semihosting_library_function
    defsig.o(CL$$defsig) refers to defsig_fpe_inner.o(.text) for __rt_SIGFPE_inner
    defsig.o(CL$$defsig) refers to defsig_rtmem_inner.o(.text) for __rt_SIGRTMEM_inner
    _get_argv_nomalloc.o(.text) refers (Special) to hrguard.o(.text) for __heap_region$guard
    _get_argv_nomalloc.o(.text) refers to defsig_rtmem_outer.o(.text) for __rt_SIGRTMEM
    _get_argv_nomalloc.o(.text) refers to sys_command.o(.text) for _sys_command_string
    libshutdown.o(.ARM.Collect$$libshutdown$$00000000) refers (Special) to libshutdown2.o(.ARM.Collect$$libshutdown$$00000002) for __rt_lib_shutdown_cpp_1
    libshutdown.o(.ARM.Collect$$libshutdown$$00000000) refers (Special) to libshutdown2.o(.ARM.Collect$$libshutdown$$00000007) for __rt_lib_shutdown_fp_trap_1
    libshutdown.o(.ARM.Collect$$libshutdown$$00000000) refers (Special) to libshutdown2.o(.ARM.Collect$$libshutdown$$0000000F) for __rt_lib_shutdown_heap_1
    libshutdown.o(.ARM.Collect$$libshutdown$$00000000) refers (Special) to libshutdown2.o(.ARM.Collect$$libshutdown$$00000010) for __rt_lib_shutdown_return
    libshutdown.o(.ARM.Collect$$libshutdown$$00000000) refers (Special) to libshutdown2.o(.ARM.Collect$$libshutdown$$0000000A) for __rt_lib_shutdown_signal_1
    libshutdown.o(.ARM.Collect$$libshutdown$$00000000) refers (Special) to libshutdown2.o(.ARM.Collect$$libshutdown$$00000004) for __rt_lib_shutdown_stdio_1
    libshutdown.o(.ARM.Collect$$libshutdown$$00000000) refers (Special) to libshutdown2.o(.ARM.Collect$$libshutdown$$0000000C) for __rt_lib_shutdown_user_alloc_1
    sys_command.o(.text) refers (Special) to use_no_semi.o(.text) for __I$use$semihosting
    sys_command.o(.text) refers (Special) to indicate_semi.o(.text) for __semihosting_library_function
    defsig_abrt_inner.o(.text) refers to defsig_general.o(.text) for __default_signal_display
    defsig_rtred_inner.o(.text) refers to defsig_general.o(.text) for __default_signal_display
    defsig_rtmem_inner.o(.text) refers to defsig_general.o(.text) for __default_signal_display
    defsig_rtmem_outer.o(.text) refers to defsig_rtmem_inner.o(.text) for __rt_SIGRTMEM_inner
    defsig_rtmem_outer.o(.text) refers to defsig_exit.o(.text) for __sig_exit
    defsig_rtmem_formal.o(.text) refers to rt_raise.o(.text) for __rt_raise
    defsig_stak_inner.o(.text) refers to defsig_general.o(.text) for __default_signal_display
    defsig_pvfn_inner.o(.text) refers to defsig_general.o(.text) for __default_signal_display
    defsig_cppl_inner.o(.text) refers to defsig_general.o(.text) for __default_signal_display
    defsig_segv_inner.o(.text) refers to defsig_general.o(.text) for __default_signal_display
    defsig_other.o(.text) refers to defsig_general.o(.text) for __default_signal_display


==============================================================================

Removing Unused input sections from the image.

    Removing clk.o(.rev16_text), (4 bytes).
    Removing clk.o(.revsh_text), (4 bytes).
    Removing main.o(.rev16_text), (4 bytes).
    Removing main.o(.revsh_text), (4 bytes).
    Removing adc.o(.rev16_text), (4 bytes).
    Removing adc.o(.revsh_text), (4 bytes).
    Removing adc.o(i.ADC_DeInit), (32 bytes).
    Removing adc.o(i.ADC_Init), (412 bytes).
    Removing adc.o(i.ADC_PollRead), (36 bytes).
    Removing adc.o(i.ADC_SelectClock), (16 bytes).
    Removing adc.o(i.ADC_SelectClockDivide), (22 bytes).
    Removing adc.o(i.ADC_SetCallBack), (12 bytes).
    Removing adc.o(i.ADC_SetChannel), (16 bytes).
    Removing adc.o(i.ADC_SetFifoLevel), (16 bytes).
    Removing adc.o(i.ADC_SetMode), (22 bytes).
    Removing adc.o(i.ADC_VrefSelect), (16 bytes).
    Removing i2c.o(.rev16_text), (4 bytes).
    Removing i2c.o(.revsh_text), (4 bytes).
    Removing i2c.o(i.I2C0_SetCallBack), (12 bytes).
    Removing i2c.o(i.I2C1_SetCallBack), (12 bytes).
    Removing i2c.o(i.I2C_Deinit), (56 bytes).
    Removing i2c.o(i.I2C_GetStatus), (6 bytes).
    Removing i2c.o(i.I2C_Init), (292 bytes).
    Removing i2c.o(i.I2C_IntDisable), (52 bytes).
    Removing i2c.o(i.I2C_IntEnable), (52 bytes).
    Removing i2c.o(i.I2C_IsBusy), (10 bytes).
    Removing i2c.o(i.I2C_MasterRead), (70 bytes).
    Removing i2c.o(i.I2C_MasterReadWait), (112 bytes).
    Removing i2c.o(i.I2C_MasterSend), (52 bytes).
    Removing i2c.o(i.I2C_MasterSendWait), (86 bytes).
    Removing i2c.o(i.I2C_ReadOneByte), (144 bytes).
    Removing i2c.o(i.I2C_RepeatStart), (56 bytes).
    Removing i2c.o(i.I2C_RxEnable), (10 bytes).
    Removing i2c.o(i.I2C_SendAck), (10 bytes).
    Removing i2c.o(i.I2C_SetSCLLowTimeout), (8 bytes).
    Removing i2c.o(i.I2C_SetSlaveAddress), (22 bytes).
    Removing i2c.o(i.I2C_Start), (60 bytes).
    Removing i2c.o(i.I2C_Stop), (56 bytes).
    Removing i2c.o(i.I2C_TxEnable), (10 bytes).
    Removing i2c.o(i.I2C_WriteOneByte), (136 bytes).
    Removing ics.o(.rev16_text), (4 bytes).
    Removing ics.o(.revsh_text), (4 bytes).
    Removing ics.o(i.FBELP_to_FBE), (20 bytes).
    Removing ics.o(i.FBE_to_FBELP), (20 bytes).
    Removing ics.o(i.FBE_to_FBI), (96 bytes).
    Removing ics.o(i.FBE_to_FEE), (84 bytes).
    Removing ics.o(i.FBE_to_FEI), (104 bytes).
    Removing ics.o(i.FBILP_to_FBI), (20 bytes).
    Removing ics.o(i.FBI_to_FBE), (96 bytes).
    Removing ics.o(i.FBI_to_FBILP), (20 bytes).
    Removing ics.o(i.FBI_to_FEE), (124 bytes).
    Removing ics.o(i.FBI_to_FEI), (100 bytes).
    Removing ics.o(i.FEE_to_FBE), (88 bytes).
    Removing ics.o(i.FEE_to_FBI), (108 bytes).
    Removing ics.o(i.FEE_to_FEI), (92 bytes).
    Removing ics.o(i.FEI_factory_to_FEI_custom), (88 bytes).
    Removing ics.o(i.FEI_to_FBE), (120 bytes).
    Removing ics.o(i.FEI_to_FBI), (88 bytes).
    Removing ics.o(i.FEI_to_FEE), (100 bytes).
    Removing ics.o(i.ICS_Init), (128 bytes).
    Removing ics.o(i.ICS_SetBusDivider), (28 bytes).
    Removing ics.o(i.ICS_SetOscDivider), (148 bytes).
    Removing ics.o(i.ICS_Trim), (44 bytes).
    Removing ics.o(i.OSC_DeInit), (12 bytes).
    Removing ics.o(i.OSC_Disable), (20 bytes).
    Removing ics.o(i.OSC_Init), (108 bytes).
    Removing kbi.o(.rev16_text), (4 bytes).
    Removing kbi.o(.revsh_text), (4 bytes).
    Removing kbi.o(i.KBI_DeInit), (84 bytes).
    Removing kbi.o(i.KBI_Init), (340 bytes).
    Removing kbi.o(i.KBI_SetCallback), (28 bytes).
    Removing kbi.o(.constdata), (256 bytes).
    Removing nvic.o(.rev16_text), (4 bytes).
    Removing nvic.o(.revsh_text), (4 bytes).
    Removing nvic.o(i.Disable_Interrupt), (40 bytes).
    Removing pit.o(.rev16_text), (4 bytes).
    Removing pit.o(.revsh_text), (4 bytes).
    Removing pit.o(i.PIT_ChannelDisable), (28 bytes).
    Removing pit.o(i.PIT_ChannelDisableChain), (28 bytes).
    Removing pit.o(i.PIT_ChannelDisableInt), (28 bytes).
    Removing pit.o(i.PIT_DeInit), (132 bytes).
    Removing pit.o(i.PIT_Init), (228 bytes).
    Removing pit.o(i.PIT_SetCallback), (12 bytes).
    Removing pit.o(i.PIT_SetLoadVal), (12 bytes).
    Removing rtc.o(.rev16_text), (4 bytes).
    Removing rtc.o(.revsh_text), (4 bytes).
    Removing rtc.o(i.RTC_DeInit), (84 bytes).
    Removing rtc.o(i.RTC_Init), (172 bytes).
    Removing rtc.o(i.RTC_SetCallback), (12 bytes).
    Removing wdog.o(.rev16_text), (4 bytes).
    Removing wdog.o(.revsh_text), (4 bytes).
    Removing wdog.o(i.WDOG_DeInit), (40 bytes).
    Removing wdog.o(i.WDOG_Disable), (56 bytes).
    Removing wdog.o(i.WDOG_DisableUpdate), (56 bytes).
    Removing wdog.o(i.WDOG_DisableWDOGEnableUpdate), (60 bytes).
    Removing wdog.o(i.WDOG_Enable), (36 bytes).
    Removing wdog.o(i.WDOG_EnableUpdate), (52 bytes).
    Removing wdog.o(i.WDOG_Feed), (28 bytes).
    Removing wdog.o(i.WDOG_Init), (268 bytes).
    Removing wdog.o(i.WDOG_SetCallback), (12 bytes).
    Removing wdog.o(i.WDOG_Time_Update), (52 bytes).
    Removing max_serializer_ctrl.o(.rev16_text), (4 bytes).
    Removing max_serializer_ctrl.o(.revsh_text), (4 bytes).
    Removing max_serializer_data.o(.rev16_text), (4 bytes).
    Removing max_serializer_data.o(.revsh_text), (4 bytes).
    Removing max_serializer_if.o(.rev16_text), (4 bytes).
    Removing max_serializer_if.o(.revsh_text), (4 bytes).
    Removing uart.o(.rev16_text), (4 bytes).
    Removing uart.o(.revsh_text), (4 bytes).
    Removing uart.o(i.UART_CheckFlag), (26 bytes).
    Removing uart.o(i.UART_DisableInterrupt), (112 bytes).
    Removing uart.o(i.UART_GetFlags), (16 bytes).
    Removing uart.o(i.UART_PutChar), (16 bytes).
    Removing uart.o(i.UART_ReceiveWait), (40 bytes).
    Removing uart.o(i.UART_SetBaudrate), (58 bytes).
    Removing uart.o(i.UART_WaitTxComplete), (16 bytes).
    Removing uart.o(.data), (4 bytes).
    Removing ti_serializer_ctrl.o(.rev16_text), (4 bytes).
    Removing ti_serializer_ctrl.o(.revsh_text), (4 bytes).
    Removing ti_serializer_data.o(.rev16_text), (4 bytes).
    Removing ti_serializer_data.o(.revsh_text), (4 bytes).
    Removing ti_serializer_if.o(.rev16_text), (4 bytes).
    Removing ti_serializer_if.o(.revsh_text), (4 bytes).
    Removing atmel_1189.o(.rev16_text), (4 bytes).
    Removing atmel_1189.o(.revsh_text), (4 bytes).
    Removing app_comm_data.o(.rev16_text), (4 bytes).
    Removing app_comm_data.o(.revsh_text), (4 bytes).
    Removing app_comm_if.o(.rev16_text), (4 bytes).
    Removing app_comm_if.o(.revsh_text), (4 bytes).
    Removing serializer_select.o(.rev16_text), (4 bytes).
    Removing serializer_select.o(.revsh_text), (4 bytes).
    Removing serializer_select.o(i.Ser_Select_Init), (36 bytes).
    Removing serializer_select.o(i.Ser_Select_Read), (16 bytes).
    Removing system_skeaz1284.o(.rev16_text), (4 bytes).
    Removing system_skeaz1284.o(.revsh_text), (4 bytes).
    Removing system_skeaz1284.o(i.SystemCoreClockUpdate), (180 bytes).
    Removing system_skeaz1284.o(.data), (4 bytes).

137 unused section(s) (total 6624 bytes) removed from the image.

==============================================================================

Image Symbol Table

    Local Symbols

    Symbol Name                              Value     Ov Type        Size  Object(Section)

    RESET                                    0x00000000   Section      192  startup_skeaz1284.o(RESET)
    ../clib/angel/boardlib.s                 0x00000000   Number         0  boardshut.o ABSOLUTE
    ../clib/angel/boardlib.s                 0x00000000   Number         0  boardinit1.o ABSOLUTE
    ../clib/angel/boardlib.s                 0x00000000   Number         0  boardinit2.o ABSOLUTE
    ../clib/angel/boardlib.s                 0x00000000   Number         0  boardinit3.o ABSOLUTE
    ../clib/angel/handlers.s                 0x00000000   Number         0  __scatter_copy.o ABSOLUTE
    ../clib/angel/handlers.s                 0x00000000   Number         0  __scatter_zi.o ABSOLUTE
    ../clib/angel/kernel.s                   0x00000000   Number         0  __rtentry.o ABSOLUTE
    ../clib/angel/kernel.s                   0x00000000   Number         0  __rtentry2.o ABSOLUTE
    ../clib/angel/kernel.s                   0x00000000   Number         0  __rtentry4.o ABSOLUTE
    ../clib/angel/kernel.s                   0x00000000   Number         0  rtexit.o ABSOLUTE
    ../clib/angel/kernel.s                   0x00000000   Number         0  rtexit2.o ABSOLUTE
    ../clib/angel/rt.s                       0x00000000   Number         0  aeabi_idiv0.o ABSOLUTE
    ../clib/angel/rt.s                       0x00000000   Number         0  aeabi_idiv0_sigfpe.o ABSOLUTE
    ../clib/angel/rt.s                       0x00000000   Number         0  rt_div0.o ABSOLUTE
    ../clib/angel/rt.s                       0x00000000   Number         0  rt_raise.o ABSOLUTE
    ../clib/angel/scatterp.s                 0x00000000   Number         0  __scatter.o ABSOLUTE
    ../clib/angel/startup.s                  0x00000000   Number         0  __main.o ABSOLUTE
    ../clib/angel/sys.s                      0x00000000   Number         0  sys_stackheap_outer.o ABSOLUTE
    ../clib/angel/sys.s                      0x00000000   Number         0  use_no_semi.o ABSOLUTE
    ../clib/angel/sys.s                      0x00000000   Number         0  indicate_semi.o ABSOLUTE
    ../clib/angel/sys.s                      0x00000000   Number         0  libspace.o ABSOLUTE
    ../clib/angel/sys.s                      0x00000000   Number         0  tempstk.o ABSOLUTE
    ../clib/angel/sysapp.c                   0x00000000   Number         0  sys_wrch.o ABSOLUTE
    ../clib/angel/sysapp.c                   0x00000000   Number         0  sys_exit.o ABSOLUTE
    ../clib/angel/sysapp.c                   0x00000000   Number         0  sys_command.o ABSOLUTE
    ../clib/armsys.c                         0x00000000   Number         0  no_argv.o ABSOLUTE
    ../clib/armsys.c                         0x00000000   Number         0  _get_argv_nomalloc.o ABSOLUTE
    ../clib/armsys.c                         0x00000000   Number         0  argv_veneer.o ABSOLUTE
    ../clib/division.s                       0x00000000   Number         0  aeabi_sdiv.o ABSOLUTE
    ../clib/division.s                       0x00000000   Number         0  aeabi_sdiv_div0.o ABSOLUTE
    ../clib/heapalloc.c                      0x00000000   Number         0  hrguard.o ABSOLUTE
    ../clib/heapaux.c                        0x00000000   Number         0  heapauxi.o ABSOLUTE
    ../clib/libinit.s                        0x00000000   Number         0  libshutdown2.o ABSOLUTE
    ../clib/libinit.s                        0x00000000   Number         0  libinit.o ABSOLUTE
    ../clib/libinit.s                        0x00000000   Number         0  libinit2.o ABSOLUTE
    ../clib/libinit.s                        0x00000000   Number         0  libshutdown.o ABSOLUTE
    ../clib/memcpset.c                       0x00000000   Number         0  rt_memcpy.o ABSOLUTE
    ../clib/memcpset.c                       0x00000000   Number         0  rt_memcpy.o ABSOLUTE
    ../clib/signal.c                         0x00000000   Number         0  defsig_fpe_outer.o ABSOLUTE
    ../clib/signal.c                         0x00000000   Number         0  defsig_pvfn_inner.o ABSOLUTE
    ../clib/signal.c                         0x00000000   Number         0  defsig_fpe_inner.o ABSOLUTE
    ../clib/signal.c                         0x00000000   Number         0  defsig_stak_inner.o ABSOLUTE
    ../clib/signal.c                         0x00000000   Number         0  defsig_exit.o ABSOLUTE
    ../clib/signal.c                         0x00000000   Number         0  defsig_cppl_inner.o ABSOLUTE
    ../clib/signal.c                         0x00000000   Number         0  defsig_segv_inner.o ABSOLUTE
    ../clib/signal.c                         0x00000000   Number         0  defsig_other.o ABSOLUTE
    ../clib/signal.c                         0x00000000   Number         0  defsig_fpe_formal.o ABSOLUTE
    ../clib/signal.c                         0x00000000   Number         0  defsig_rtmem_outer.o ABSOLUTE
    ../clib/signal.c                         0x00000000   Number         0  defsig_rtmem_inner.o ABSOLUTE
    ../clib/signal.c                         0x00000000   Number         0  __raise.o ABSOLUTE
    ../clib/signal.c                         0x00000000   Number         0  defsig_rtred_inner.o ABSOLUTE
    ../clib/signal.c                         0x00000000   Number         0  defsig_abrt_inner.o ABSOLUTE
    ../clib/signal.c                         0x00000000   Number         0  defsig_rtmem_formal.o ABSOLUTE
    ../clib/signal.c                         0x00000000   Number         0  defsig_general.o ABSOLUTE
    ../clib/signal.s                         0x00000000   Number         0  defsig.o ABSOLUTE
    ../clib/stdlib.c                         0x00000000   Number         0  exit.o ABSOLUTE
    ../fplib/cfplib/fpinit.c                 0x00000000   Number         0  fpinit.o ABSOLUTE
    Headers\\adc.c                           0x00000000   Number         0  adc.o ABSOLUTE
    Headers\\i2c.c                           0x00000000   Number         0  i2c.o ABSOLUTE
    Headers\\ics.c                           0x00000000   Number         0  ics.o ABSOLUTE
    Headers\\kbi.c                           0x00000000   Number         0  kbi.o ABSOLUTE
    Headers\\nvic.c                          0x00000000   Number         0  nvic.o ABSOLUTE
    Headers\\pit.c                           0x00000000   Number         0  pit.o ABSOLUTE
    Headers\\rtc.c                           0x00000000   Number         0  rtc.o ABSOLUTE
    Headers\\uart.c                          0x00000000   Number         0  uart.o ABSOLUTE
    Headers\\wdog.c                          0x00000000   Number         0  wdog.o ABSOLUTE
    Headers\adc.c                            0x00000000   Number         0  adc.o ABSOLUTE
    Headers\i2c.c                            0x00000000   Number         0  i2c.o ABSOLUTE
    Headers\ics.c                            0x00000000   Number         0  ics.o ABSOLUTE
    Headers\kbi.c                            0x00000000   Number         0  kbi.o ABSOLUTE
    Headers\nvic.c                           0x00000000   Number         0  nvic.o ABSOLUTE
    Headers\pit.c                            0x00000000   Number         0  pit.o ABSOLUTE
    Headers\rtc.c                            0x00000000   Number         0  rtc.o ABSOLUTE
    Headers\uart.c                           0x00000000   Number         0  uart.o ABSOLUTE
    Headers\wdog.c                           0x00000000   Number         0  wdog.o ABSOLUTE
    RTE\Device\SKEAZ128xxx4\startup_SKEAZ1284.s 0x00000000   Number         0  startup_skeaz1284.o ABSOLUTE
    RTE\Device\SKEAZ128xxx4\system_SKEAZ1284.c 0x00000000   Number         0  system_skeaz1284.o ABSOLUTE
    RTE\\Device\\SKEAZ128xxx4\\system_SKEAZ1284.c 0x00000000   Number         0  system_skeaz1284.o ABSOLUTE
    Sources\APP_Communicate\APP_COMM_data.c  0x00000000   Number         0  app_comm_data.o ABSOLUTE
    Sources\APP_Communicate\APP_COMM_if.c    0x00000000   Number         0  app_comm_if.o ABSOLUTE
    Sources\CLK.c                            0x00000000   Number         0  clk.o ABSOLUTE
    Sources\MAXIM_ser\max_serializer_ctrl.c  0x00000000   Number         0  max_serializer_ctrl.o ABSOLUTE
    Sources\MAXIM_ser\max_serializer_data.c  0x00000000   Number         0  max_serializer_data.o ABSOLUTE
    Sources\MAXIM_ser\max_serializer_if.c    0x00000000   Number         0  max_serializer_if.o ABSOLUTE
    Sources\TI_ser\atmel_1189.c              0x00000000   Number         0  atmel_1189.o ABSOLUTE
    Sources\TI_ser\ti_serializer_ctrl.c      0x00000000   Number         0  ti_serializer_ctrl.o ABSOLUTE
    Sources\TI_ser\ti_serializer_data.c      0x00000000   Number         0  ti_serializer_data.o ABSOLUTE
    Sources\TI_ser\ti_serializer_if.c        0x00000000   Number         0  ti_serializer_if.o ABSOLUTE
    Sources\\APP_Communicate\\APP_COMM_data.c 0x00000000   Number         0  app_comm_data.o ABSOLUTE
    Sources\\APP_Communicate\\APP_COMM_if.c  0x00000000   Number         0  app_comm_if.o ABSOLUTE
    Sources\\CLK.c                           0x00000000   Number         0  clk.o ABSOLUTE
    Sources\\MAXIM_ser\\max_serializer_ctrl.c 0x00000000   Number         0  max_serializer_ctrl.o ABSOLUTE
    Sources\\MAXIM_ser\\max_serializer_data.c 0x00000000   Number         0  max_serializer_data.o ABSOLUTE
    Sources\\MAXIM_ser\\max_serializer_if.c  0x00000000   Number         0  max_serializer_if.o ABSOLUTE
    Sources\\TI_ser\\atmel_1189.c            0x00000000   Number         0  atmel_1189.o ABSOLUTE
    Sources\\TI_ser\\ti_serializer_ctrl.c    0x00000000   Number         0  ti_serializer_ctrl.o ABSOLUTE
    Sources\\TI_ser\\ti_serializer_data.c    0x00000000   Number         0  ti_serializer_data.o ABSOLUTE
    Sources\\TI_ser\\ti_serializer_if.c      0x00000000   Number         0  ti_serializer_if.o ABSOLUTE
    Sources\\main.c                          0x00000000   Number         0  main.o ABSOLUTE
    Sources\\serializer_select.c             0x00000000   Number         0  serializer_select.o ABSOLUTE
    Sources\main.c                           0x00000000   Number         0  main.o ABSOLUTE
    Sources\serializer_select.c              0x00000000   Number         0  serializer_select.o ABSOLUTE
    dc.s                                     0x00000000   Number         0  dc.o ABSOLUTE
    !!!main                                  0x000000c0   Section        8  __main.o(!!!main)
    !!!scatter                               0x000000c8   Section       60  __scatter.o(!!!scatter)
    !!handler_copy                           0x00000104   Section       26  __scatter_copy.o(!!handler_copy)
    !!handler_zi                             0x00000120   Section       28  __scatter_zi.o(!!handler_zi)
    .ARM.Collect$$libinit$$00000000          0x0000013c   Section        2  libinit.o(.ARM.Collect$$libinit$$00000000)
    .ARM.Collect$$libinit$$00000002          0x0000013e   Section        0  libinit2.o(.ARM.Collect$$libinit$$00000002)
    .ARM.Collect$$libinit$$00000004          0x0000013e   Section        0  libinit2.o(.ARM.Collect$$libinit$$00000004)
    .ARM.Collect$$libinit$$0000000A          0x0000013e   Section        0  libinit2.o(.ARM.Collect$$libinit$$0000000A)
    .ARM.Collect$$libinit$$0000000C          0x0000013e   Section        0  libinit2.o(.ARM.Collect$$libinit$$0000000C)
    .ARM.Collect$$libinit$$0000000E          0x0000013e   Section        0  libinit2.o(.ARM.Collect$$libinit$$0000000E)
    .ARM.Collect$$libinit$$00000011          0x0000013e   Section        0  libinit2.o(.ARM.Collect$$libinit$$00000011)
    .ARM.Collect$$libinit$$00000013          0x0000013e   Section        0  libinit2.o(.ARM.Collect$$libinit$$00000013)
    .ARM.Collect$$libinit$$00000015          0x0000013e   Section        0  libinit2.o(.ARM.Collect$$libinit$$00000015)
    .ARM.Collect$$libinit$$00000017          0x0000013e   Section        0  libinit2.o(.ARM.Collect$$libinit$$00000017)
    .ARM.Collect$$libinit$$00000019          0x0000013e   Section        0  libinit2.o(.ARM.Collect$$libinit$$00000019)
    .ARM.Collect$$libinit$$0000001B          0x0000013e   Section        0  libinit2.o(.ARM.Collect$$libinit$$0000001B)
    .ARM.Collect$$libinit$$0000001D          0x0000013e   Section        0  libinit2.o(.ARM.Collect$$libinit$$0000001D)
    .ARM.Collect$$libinit$$0000001F          0x0000013e   Section        0  libinit2.o(.ARM.Collect$$libinit$$0000001F)
    .ARM.Collect$$libinit$$00000021          0x0000013e   Section        0  libinit2.o(.ARM.Collect$$libinit$$00000021)
    .ARM.Collect$$libinit$$00000023          0x0000013e   Section        0  libinit2.o(.ARM.Collect$$libinit$$00000023)
    .ARM.Collect$$libinit$$00000025          0x0000013e   Section        0  libinit2.o(.ARM.Collect$$libinit$$00000025)
    .ARM.Collect$$libinit$$0000002C          0x0000013e   Section        0  libinit2.o(.ARM.Collect$$libinit$$0000002C)
    .ARM.Collect$$libinit$$0000002E          0x0000013e   Section        0  libinit2.o(.ARM.Collect$$libinit$$0000002E)
    .ARM.Collect$$libinit$$00000030          0x0000013e   Section        0  libinit2.o(.ARM.Collect$$libinit$$00000030)
    .ARM.Collect$$libinit$$00000032          0x0000013e   Section        0  libinit2.o(.ARM.Collect$$libinit$$00000032)
    .ARM.Collect$$libinit$$00000033          0x0000013e   Section        2  libinit2.o(.ARM.Collect$$libinit$$00000033)
    .ARM.Collect$$libshutdown$$00000000      0x00000140   Section        2  libshutdown.o(.ARM.Collect$$libshutdown$$00000000)
    .ARM.Collect$$libshutdown$$00000002      0x00000142   Section        0  libshutdown2.o(.ARM.Collect$$libshutdown$$00000002)
    .ARM.Collect$$libshutdown$$00000004      0x00000142   Section        0  libshutdown2.o(.ARM.Collect$$libshutdown$$00000004)
    .ARM.Collect$$libshutdown$$00000007      0x00000142   Section        0  libshutdown2.o(.ARM.Collect$$libshutdown$$00000007)
    .ARM.Collect$$libshutdown$$0000000A      0x00000142   Section        0  libshutdown2.o(.ARM.Collect$$libshutdown$$0000000A)
    .ARM.Collect$$libshutdown$$0000000C      0x00000142   Section        0  libshutdown2.o(.ARM.Collect$$libshutdown$$0000000C)
    .ARM.Collect$$libshutdown$$0000000F      0x00000142   Section        0  libshutdown2.o(.ARM.Collect$$libshutdown$$0000000F)
    .ARM.Collect$$libshutdown$$00000010      0x00000142   Section        2  libshutdown2.o(.ARM.Collect$$libshutdown$$00000010)
    .ARM.Collect$$rtentry$$00000000          0x00000144   Section        0  __rtentry.o(.ARM.Collect$$rtentry$$00000000)
    .ARM.Collect$$rtentry$$00000002          0x00000144   Section        0  __rtentry2.o(.ARM.Collect$$rtentry$$00000002)
    .ARM.Collect$$rtentry$$00000004          0x00000144   Section        6  __rtentry4.o(.ARM.Collect$$rtentry$$00000004)
    .ARM.Collect$$rtentry$$00000009          0x0000014a   Section        0  __rtentry2.o(.ARM.Collect$$rtentry$$00000009)
    .ARM.Collect$$rtentry$$0000000A          0x0000014a   Section        4  __rtentry2.o(.ARM.Collect$$rtentry$$0000000A)
    .ARM.Collect$$rtentry$$0000000C          0x0000014e   Section        0  __rtentry2.o(.ARM.Collect$$rtentry$$0000000C)
    .ARM.Collect$$rtentry$$0000000D          0x0000014e   Section        8  __rtentry2.o(.ARM.Collect$$rtentry$$0000000D)
    .ARM.Collect$$rtexit$$00000000           0x00000156   Section        2  rtexit.o(.ARM.Collect$$rtexit$$00000000)
    .ARM.Collect$$rtexit$$00000002           0x00000158   Section        0  rtexit2.o(.ARM.Collect$$rtexit$$00000002)
    .ARM.Collect$$rtexit$$00000003           0x00000158   Section        4  rtexit2.o(.ARM.Collect$$rtexit$$00000003)
    .ARM.Collect$$rtexit$$00000004           0x0000015c   Section        6  rtexit2.o(.ARM.Collect$$rtexit$$00000004)
    .emb_text                                0x00000164   Section       56  rt_memcpy.o(.emb_text)
    .text                                    0x0000019c   Section       64  startup_skeaz1284.o(.text)
    .text                                    0x000001dc   Section      346  aeabi_sdiv.o(.text)
    .text                                    0x00000336   Section        0  heapauxi.o(.text)
    .text                                    0x0000033c   Section       62  sys_stackheap_outer.o(.text)
    .text                                    0x0000037a   Section        0  exit.o(.text)
    .text                                    0x0000038c   Section        8  libspace.o(.text)
    .text                                    0x00000394   Section        0  sys_exit.o(.text)
    .text                                    0x000003a0   Section        2  use_no_semi.o(.text)
    .text                                    0x000003a2   Section        0  indicate_semi.o(.text)
    i.ADC_IRQHandler                         0x000003a4   Section        0  adc.o(i.ADC_IRQHandler)
    i.APP_COMM_Data_IRQHander                0x000003bc   Section        0  app_comm_data.o(i.APP_COMM_Data_IRQHander)
    APP_COMM_Data_IRQHander                  0x000003bd   Thumb Code    56  app_comm_data.o(i.APP_COMM_Data_IRQHander)
    .ARM.__at_0x400                          0x00000400   Section       16  startup_skeaz1284.o(.ARM.__at_0x400)
    i.APP_COMM_Data_Init                     0x00000410   Section        0  app_comm_data.o(i.APP_COMM_Data_Init)
    i.APP_COMM_Data_SER_Send                 0x00000418   Section        0  app_comm_data.o(i.APP_COMM_Data_SER_Send)
    i.APP_COMM_Data_SER_Task                 0x00000434   Section        0  app_comm_data.o(i.APP_COMM_Data_SER_Task)
    i.APP_COMM_Data_Send                     0x00000468   Section        0  app_comm_data.o(i.APP_COMM_Data_Send)
    i.APP_COMM_Data_UART_Init                0x00000484   Section        0  app_comm_data.o(i.APP_COMM_Data_UART_Init)
    APP_COMM_Data_UART_Init                  0x00000485   Thumb Code   104  app_comm_data.o(i.APP_COMM_Data_UART_Init)
    i.APP_COMM_If_Data_Send                  0x000004f8   Section        0  app_comm_if.o(i.APP_COMM_If_Data_Send)
    i.APP_COMM_If_Init                       0x00000508   Section        0  app_comm_if.o(i.APP_COMM_If_Init)
    i.APP_COMM_If_Task                       0x00000510   Section        0  app_comm_if.o(i.APP_COMM_If_Task)
    i.Clk_Init                               0x00000518   Section        0  clk.o(i.Clk_Init)
    i.Enable_Interrupt                       0x0000056c   Section        0  nvic.o(i.Enable_Interrupt)
    i.I2C0_IRQHandler                        0x00000598   Section        0  i2c.o(i.I2C0_IRQHandler)
    i.I2C1_IRQHandler                        0x000005b0   Section        0  i2c.o(i.I2C1_IRQHandler)
    i.I2C_ClearStatus                        0x000005d4   Section        0  i2c.o(i.I2C_ClearStatus)
    I2C_ClearStatus                          0x000005d5   Thumb Code     8  i2c.o(i.I2C_ClearStatus)
    i.KBI0_IRQHandler                        0x000005dc   Section        0  kbi.o(i.KBI0_IRQHandler)
    i.KBI1_IRQHandler                        0x00000600   Section        0  kbi.o(i.KBI1_IRQHandler)
    i.Max_Ser_Ctrl_APP_Data_Send             0x00000624   Section        0  max_serializer_ctrl.o(i.Max_Ser_Ctrl_APP_Data_Send)
    i.Max_Ser_Ctrl_Init                      0x00000634   Section        0  max_serializer_ctrl.o(i.Max_Ser_Ctrl_Init)
    i.Max_Ser_Ctrl_Task                      0x00000648   Section        0  max_serializer_ctrl.o(i.Max_Ser_Ctrl_Task)
    i.Max_Ser_Data_Cfg_Init_After_Edid       0x00000650   Section        0  max_serializer_ctrl.o(i.Max_Ser_Data_Cfg_Init_After_Edid)
    Max_Ser_Data_Cfg_Init_After_Edid         0x00000651   Thumb Code   158  max_serializer_ctrl.o(i.Max_Ser_Data_Cfg_Init_After_Edid)
    i.Max_Ser_Data_Cfg_Init_Before_Edid      0x000006f4   Section        0  max_serializer_ctrl.o(i.Max_Ser_Data_Cfg_Init_Before_Edid)
    Max_Ser_Data_Cfg_Init_Before_Edid        0x000006f5   Thumb Code   238  max_serializer_ctrl.o(i.Max_Ser_Data_Cfg_Init_Before_Edid)
    i.Max_Ser_Data_GPIO_Init                 0x000007e4   Section        0  max_serializer_data.o(i.Max_Ser_Data_GPIO_Init)
    Max_Ser_Data_GPIO_Init                   0x000007e5   Thumb Code   178  max_serializer_data.o(i.Max_Ser_Data_GPIO_Init)
    i.Max_Ser_Data_I2C_Or_Uart_Init          0x000008a0   Section        0  max_serializer_data.o(i.Max_Ser_Data_I2C_Or_Uart_Init)
    Max_Ser_Data_I2C_Or_Uart_Init            0x000008a1   Thumb Code   104  max_serializer_data.o(i.Max_Ser_Data_I2C_Or_Uart_Init)
    i.Max_Ser_Data_IRQHander                 0x00000914   Section        0  max_serializer_data.o(i.Max_Ser_Data_IRQHander)
    i.Max_Ser_Data_Init                      0x00000958   Section        0  max_serializer_data.o(i.Max_Ser_Data_Init)
    i.Max_Ser_Data_UART_Read                 0x00000984   Section        0  max_serializer_data.o(i.Max_Ser_Data_UART_Read)
    i.Max_Ser_Data_UART_Write                0x0000099c   Section        0  max_serializer_data.o(i.Max_Ser_Data_UART_Write)
    i.Max_Ser_EDID_Cfg_Init                  0x000009d4   Section        0  max_serializer_data.o(i.Max_Ser_EDID_Cfg_Init)
    i.Max_Ser_If_Data_APP_Send               0x00000a4c   Section        0  max_serializer_if.o(i.Max_Ser_If_Data_APP_Send)
    i.Max_Ser_If_Init                        0x00000a5c   Section        0  max_serializer_if.o(i.Max_Ser_If_Init)
    i.Max_Ser_If_Task                        0x00000a64   Section        0  max_serializer_if.o(i.Max_Ser_If_Task)
    i.Max_Ser_Receive_Data_Send              0x00000a6c   Section        0  max_serializer_data.o(i.Max_Ser_Receive_Data_Send)
    i.PIT_CH0_IRQHandler                     0x00000aac   Section        0  pit.o(i.PIT_CH0_IRQHandler)
    i.PIT_CH1_IRQHandler                     0x00000ac8   Section        0  pit.o(i.PIT_CH1_IRQHandler)
    i.PIT_ChannelClrFlags                    0x00000ae4   Section        0  pit.o(i.PIT_ChannelClrFlags)
    PIT_ChannelClrFlags                      0x00000ae5   Thumb Code    22  pit.o(i.PIT_ChannelClrFlags)
    i.RTC_ClrFlags                           0x00000b00   Section        0  rtc.o(i.RTC_ClrFlags)
    RTC_ClrFlags                             0x00000b01   Thumb Code    14  rtc.o(i.RTC_ClrFlags)
    i.RTC_IRQHandler                         0x00000b14   Section        0  rtc.o(i.RTC_IRQHandler)
    i.SystemInit                             0x00000b30   Section        0  system_skeaz1284.o(i.SystemInit)
    i.UART0_IRQHandler                       0x00000ba0   Section        0  uart.o(i.UART0_IRQHandler)
    i.UART1_IRQHandler                       0x00000bb0   Section        0  uart.o(i.UART1_IRQHandler)
    i.UART2_IRQHandler                       0x00000bc8   Section        0  uart.o(i.UART2_IRQHandler)
    i.UART_GetChar                           0x00000be0   Section        0  uart.o(i.UART_GetChar)
    i.UART_Init                              0x00000bf4   Section        0  uart.o(i.UART_Init)
    i.UART_SendWait                          0x00000d1c   Section        0  uart.o(i.UART_SendWait)
    i.UART_SetCallback                       0x00000d44   Section        0  uart.o(i.UART_SetCallback)
    i.WDOG_IRQHandler                        0x00000d70   Section        0  wdog.o(i.WDOG_IRQHandler)
    i.main                                   0x00000d98   Section        0  main.o(i.main)
    .constdata                               0x00000db0   Section      256  max_serializer_data.o(.constdata)
    .data                                    0x1ffff000   Section        4  adc.o(.data)
    .data                                    0x1ffff004   Section       16  i2c.o(.data)
    I2C_Callback                             0x1ffff004   Data           8  i2c.o(.data)
    pI2C0                                    0x1ffff00c   Data           4  i2c.o(.data)
    pI2C1                                    0x1ffff010   Data           4  i2c.o(.data)
    .data                                    0x1ffff014   Section       24  kbi.o(.data)
    .data                                    0x1ffff02c   Section        8  pit.o(.data)
    .data                                    0x1ffff034   Section        4  rtc.o(.data)
    .data                                    0x1ffff038   Section        4  wdog.o(.data)
    .bss                                     0x1ffff03c   Section     2008  max_serializer_data.o(.bss)
    Comm_Buf                                 0x1ffff03c   Data        2008  max_serializer_data.o(.bss)
    .bss                                     0x1ffff814   Section       36  uart.o(.bss)
    .bss                                     0x1ffff838   Section      108  app_comm_data.o(.bss)
    Comm_Buf                                 0x1ffff838   Data         108  app_comm_data.o(.bss)
    .bss                                     0x1ffff8a4   Section       96  libspace.o(.bss)
    HEAP                                     0x1ffff908   Section        0  startup_skeaz1284.o(HEAP)
    STACK                                    0x1ffff908   Section     3840  startup_skeaz1284.o(STACK)
    Heap_Mem                                 0x1ffff908   Data           0  startup_skeaz1284.o(HEAP)
    Stack_Mem                                0x1ffff908   Data        3840  startup_skeaz1284.o(STACK)
    __initial_sp                             0x20000808   Data           0  startup_skeaz1284.o(STACK)

    Global Symbols

    Symbol Name                              Value     Ov Type        Size  Object(Section)

    BuildAttributes$$THM_ISAv3M$S$PE$A:L22$X:L11$S22$IEEE1$IW$USESV6$~STKCKD$USESV7$~SHL$OSPACE$ROPI$EBA8$UX$STANDARDLIB$REQ8$PRES8$EABIv2 0x00000000   Number         0  anon$$obj.o ABSOLUTE
    __ARM_use_no_argv                        0x00000000   Number         0  main.o ABSOLUTE
    __Vectors                                0x00000000   Data           4  startup_skeaz1284.o(RESET)
    __ARM_exceptions_init                     - Undefined Weak Reference
    __alloca_initialize                       - Undefined Weak Reference
    __arm_preinit_                            - Undefined Weak Reference
    __cpp_initialize__aeabi_                  - Undefined Weak Reference
    __cxa_finalize                            - Undefined Weak Reference
    __rt_locale                               - Undefined Weak Reference
    __sigvec_lookup                           - Undefined Weak Reference
    _atexit_init                              - Undefined Weak Reference
    _call_atexit_fns                          - Undefined Weak Reference
    _clock_init                               - Undefined Weak Reference
    _fp_trap_init                             - Undefined Weak Reference
    _fp_trap_shutdown                         - Undefined Weak Reference
    _get_lc_collate                           - Undefined Weak Reference
    _get_lc_ctype                             - Undefined Weak Reference
    _get_lc_monetary                          - Undefined Weak Reference
    _get_lc_numeric                           - Undefined Weak Reference
    _get_lc_time                              - Undefined Weak Reference
    _getenv_init                              - Undefined Weak Reference
    _handle_redirection                       - Undefined Weak Reference
    _init_alloc                               - Undefined Weak Reference
    _init_user_alloc                          - Undefined Weak Reference
    _initio                                   - Undefined Weak Reference
    _rand_init                                - Undefined Weak Reference
    _signal_finish                            - Undefined Weak Reference
    _signal_init                              - Undefined Weak Reference
    _terminate_alloc                          - Undefined Weak Reference
    _terminate_user_alloc                     - Undefined Weak Reference
    _terminateio                              - Undefined Weak Reference
    __Vectors_End                            0x000000c0   Data           0  startup_skeaz1284.o(RESET)
    __Vectors_Size                           0x000000c0   Number         0  startup_skeaz1284.o ABSOLUTE
    __main                                   0x000000c1   Thumb Code     8  __main.o(!!!main)
    __scatterload                            0x000000c9   Thumb Code     0  __scatter.o(!!!scatter)
    __scatterload_rt2                        0x000000c9   Thumb Code    52  __scatter.o(!!!scatter)
    __scatterload_rt2_thumb_only             0x000000c9   Thumb Code     0  __scatter.o(!!!scatter)
    __scatterload_null                       0x000000d9   Thumb Code     0  __scatter.o(!!!scatter)
    __scatterload_copy                       0x00000105   Thumb Code    26  __scatter_copy.o(!!handler_copy)
    __scatterload_zeroinit                   0x00000121   Thumb Code    28  __scatter_zi.o(!!handler_zi)
    __rt_lib_init                            0x0000013d   Thumb Code     0  libinit.o(.ARM.Collect$$libinit$$00000000)
    __rt_lib_init_alloca_1                   0x0000013f   Thumb Code     0  libinit2.o(.ARM.Collect$$libinit$$0000002E)
    __rt_lib_init_argv_1                     0x0000013f   Thumb Code     0  libinit2.o(.ARM.Collect$$libinit$$0000002C)
    __rt_lib_init_atexit_1                   0x0000013f   Thumb Code     0  libinit2.o(.ARM.Collect$$libinit$$0000001B)
    __rt_lib_init_clock_1                    0x0000013f   Thumb Code     0  libinit2.o(.ARM.Collect$$libinit$$00000021)
    __rt_lib_init_cpp_1                      0x0000013f   Thumb Code     0  libinit2.o(.ARM.Collect$$libinit$$00000032)
    __rt_lib_init_exceptions_1               0x0000013f   Thumb Code     0  libinit2.o(.ARM.Collect$$libinit$$00000030)
    __rt_lib_init_fp_1                       0x0000013f   Thumb Code     0  libinit2.o(.ARM.Collect$$libinit$$00000002)
    __rt_lib_init_fp_trap_1                  0x0000013f   Thumb Code     0  libinit2.o(.ARM.Collect$$libinit$$0000001F)
    __rt_lib_init_getenv_1                   0x0000013f   Thumb Code     0  libinit2.o(.ARM.Collect$$libinit$$00000023)
    __rt_lib_init_heap_1                     0x0000013f   Thumb Code     0  libinit2.o(.ARM.Collect$$libinit$$0000000A)
    __rt_lib_init_lc_collate_1               0x0000013f   Thumb Code     0  libinit2.o(.ARM.Collect$$libinit$$00000011)
    __rt_lib_init_lc_ctype_1                 0x0000013f   Thumb Code     0  libinit2.o(.ARM.Collect$$libinit$$00000013)
    __rt_lib_init_lc_monetary_1              0x0000013f   Thumb Code     0  libinit2.o(.ARM.Collect$$libinit$$00000015)
    __rt_lib_init_lc_numeric_1               0x0000013f   Thumb Code     0  libinit2.o(.ARM.Collect$$libinit$$00000017)
    __rt_lib_init_lc_time_1                  0x0000013f   Thumb Code     0  libinit2.o(.ARM.Collect$$libinit$$00000019)
    __rt_lib_init_preinit_1                  0x0000013f   Thumb Code     0  libinit2.o(.ARM.Collect$$libinit$$00000004)
    __rt_lib_init_rand_1                     0x0000013f   Thumb Code     0  libinit2.o(.ARM.Collect$$libinit$$0000000E)
    __rt_lib_init_return                     0x0000013f   Thumb Code     0  libinit2.o(.ARM.Collect$$libinit$$00000033)
    __rt_lib_init_signal_1                   0x0000013f   Thumb Code     0  libinit2.o(.ARM.Collect$$libinit$$0000001D)
    __rt_lib_init_stdio_1                    0x0000013f   Thumb Code     0  libinit2.o(.ARM.Collect$$libinit$$00000025)
    __rt_lib_init_user_alloc_1               0x0000013f   Thumb Code     0  libinit2.o(.ARM.Collect$$libinit$$0000000C)
    __rt_lib_shutdown                        0x00000141   Thumb Code     0  libshutdown.o(.ARM.Collect$$libshutdown$$00000000)
    __rt_lib_shutdown_cpp_1                  0x00000143   Thumb Code     0  libshutdown2.o(.ARM.Collect$$libshutdown$$00000002)
    __rt_lib_shutdown_fp_trap_1              0x00000143   Thumb Code     0  libshutdown2.o(.ARM.Collect$$libshutdown$$00000007)
    __rt_lib_shutdown_heap_1                 0x00000143   Thumb Code     0  libshutdown2.o(.ARM.Collect$$libshutdown$$0000000F)
    __rt_lib_shutdown_return                 0x00000143   Thumb Code     0  libshutdown2.o(.ARM.Collect$$libshutdown$$00000010)
    __rt_lib_shutdown_signal_1               0x00000143   Thumb Code     0  libshutdown2.o(.ARM.Collect$$libshutdown$$0000000A)
    __rt_lib_shutdown_stdio_1                0x00000143   Thumb Code     0  libshutdown2.o(.ARM.Collect$$libshutdown$$00000004)
    __rt_lib_shutdown_user_alloc_1           0x00000143   Thumb Code     0  libshutdown2.o(.ARM.Collect$$libshutdown$$0000000C)
    __rt_entry                               0x00000145   Thumb Code     0  __rtentry.o(.ARM.Collect$$rtentry$$00000000)
    __rt_entry_presh_1                       0x00000145   Thumb Code     0  __rtentry2.o(.ARM.Collect$$rtentry$$00000002)
    __rt_entry_sh                            0x00000145   Thumb Code     0  __rtentry4.o(.ARM.Collect$$rtentry$$00000004)
    __rt_entry_li                            0x0000014b   Thumb Code     0  __rtentry2.o(.ARM.Collect$$rtentry$$0000000A)
    __rt_entry_postsh_1                      0x0000014b   Thumb Code     0  __rtentry2.o(.ARM.Collect$$rtentry$$00000009)
    __rt_entry_main                          0x0000014f   Thumb Code     0  __rtentry2.o(.ARM.Collect$$rtentry$$0000000D)
    __rt_entry_postli_1                      0x0000014f   Thumb Code     0  __rtentry2.o(.ARM.Collect$$rtentry$$0000000C)
    __rt_exit                                0x00000157   Thumb Code     0  rtexit.o(.ARM.Collect$$rtexit$$00000000)
    __rt_exit_ls                             0x00000159   Thumb Code     0  rtexit2.o(.ARM.Collect$$rtexit$$00000003)
    __rt_exit_prels_1                        0x00000159   Thumb Code     0  rtexit2.o(.ARM.Collect$$rtexit$$00000002)
    __rt_exit_exit                           0x0000015d   Thumb Code     0  rtexit2.o(.ARM.Collect$$rtexit$$00000004)
    __aeabi_memcpy4                          0x00000165   Thumb Code    56  rt_memcpy.o(.emb_text)
    __aeabi_memcpy8                          0x00000165   Thumb Code     0  rt_memcpy.o(.emb_text)
    init_data_bss                            0x0000019d   Thumb Code     2  startup_skeaz1284.o(.text)
    Reset_Handler                            0x0000019f   Thumb Code    12  startup_skeaz1284.o(.text)
    NMI_Handler                              0x000001ab   Thumb Code     2  startup_skeaz1284.o(.text)
    HardFault_Handler                        0x000001ad   Thumb Code     2  startup_skeaz1284.o(.text)
    SVC_Handler                              0x000001af   Thumb Code     2  startup_skeaz1284.o(.text)
    PendSV_Handler                           0x000001b1   Thumb Code     2  startup_skeaz1284.o(.text)
    SysTick_Handler                          0x000001b3   Thumb Code     2  startup_skeaz1284.o(.text)
    ACMP0_IRQHandler                         0x000001b5   Thumb Code     0  startup_skeaz1284.o(.text)
    ACMP1_IRQHandler                         0x000001b5   Thumb Code     0  startup_skeaz1284.o(.text)
    DefaultISR                               0x000001b5   Thumb Code     0  startup_skeaz1284.o(.text)
    FTM0_IRQHandler                          0x000001b5   Thumb Code     0  startup_skeaz1284.o(.text)
    FTM1_IRQHandler                          0x000001b5   Thumb Code     0  startup_skeaz1284.o(.text)
    FTM2_IRQHandler                          0x000001b5   Thumb Code     0  startup_skeaz1284.o(.text)
    FTMRE_IRQHandler                         0x000001b5   Thumb Code     0  startup_skeaz1284.o(.text)
    ICS_IRQHandler                           0x000001b5   Thumb Code     0  startup_skeaz1284.o(.text)
    IRQ_IRQHandler                           0x000001b5   Thumb Code     0  startup_skeaz1284.o(.text)
    MSCAN_RX_IRQHandler                      0x000001b5   Thumb Code     0  startup_skeaz1284.o(.text)
    MSCAN_TX_IRQHandler                      0x000001b5   Thumb Code     0  startup_skeaz1284.o(.text)
    PMC_IRQHandler                           0x000001b5   Thumb Code     0  startup_skeaz1284.o(.text)
    PWT_IRQHandler                           0x000001b5   Thumb Code     0  startup_skeaz1284.o(.text)
    Reserved16_IRQHandler                    0x000001b5   Thumb Code     0  startup_skeaz1284.o(.text)
    Reserved17_IRQHandler                    0x000001b5   Thumb Code     0  startup_skeaz1284.o(.text)
    Reserved18_IRQHandler                    0x000001b5   Thumb Code     0  startup_skeaz1284.o(.text)
    Reserved19_IRQHandler                    0x000001b5   Thumb Code     0  startup_skeaz1284.o(.text)
    Reserved20_IRQHandler                    0x000001b5   Thumb Code     0  startup_skeaz1284.o(.text)
    Reserved42_IRQHandler                    0x000001b5   Thumb Code     0  startup_skeaz1284.o(.text)
    SPI0_IRQHandler                          0x000001b5   Thumb Code     0  startup_skeaz1284.o(.text)
    SPI1_IRQHandler                          0x000001b5   Thumb Code     0  startup_skeaz1284.o(.text)
    __user_initial_stackheap                 0x000001b9   Thumb Code     0  startup_skeaz1284.o(.text)
    __aeabi_uidiv                            0x000001dd   Thumb Code     0  aeabi_sdiv.o(.text)
    __aeabi_uidivmod                         0x000001dd   Thumb Code    20  aeabi_sdiv.o(.text)
    __aeabi_idiv                             0x000001f1   Thumb Code     0  aeabi_sdiv.o(.text)
    __aeabi_idivmod                          0x000001f1   Thumb Code   326  aeabi_sdiv.o(.text)
    __use_two_region_memory                  0x00000337   Thumb Code     2  heapauxi.o(.text)
    __rt_heap_escrow$2region                 0x00000339   Thumb Code     2  heapauxi.o(.text)
    __rt_heap_expand$2region                 0x0000033b   Thumb Code     2  heapauxi.o(.text)
    __user_setup_stackheap                   0x0000033d   Thumb Code    62  sys_stackheap_outer.o(.text)
    exit                                     0x0000037b   Thumb Code    16  exit.o(.text)
    __user_libspace                          0x0000038d   Thumb Code     8  libspace.o(.text)
    __user_perproc_libspace                  0x0000038d   Thumb Code     0  libspace.o(.text)
    __user_perthread_libspace                0x0000038d   Thumb Code     0  libspace.o(.text)
    _sys_exit                                0x00000395   Thumb Code     8  sys_exit.o(.text)
    __I$use$semihosting                      0x000003a1   Thumb Code     0  use_no_semi.o(.text)
    __use_no_semihosting_swi                 0x000003a1   Thumb Code     2  use_no_semi.o(.text)
    __semihosting_library_function           0x000003a3   Thumb Code     0  indicate_semi.o(.text)
    ADC_IRQHandler                           0x000003a5   Thumb Code    18  adc.o(i.ADC_IRQHandler)
    APP_COMM_Data_Init                       0x00000411   Thumb Code     8  app_comm_data.o(i.APP_COMM_Data_Init)
    APP_COMM_Data_SER_Send                   0x00000419   Thumb Code    22  app_comm_data.o(i.APP_COMM_Data_SER_Send)
    APP_COMM_Data_SER_Task                   0x00000435   Thumb Code    48  app_comm_data.o(i.APP_COMM_Data_SER_Task)
    APP_COMM_Data_Send                       0x00000469   Thumb Code    22  app_comm_data.o(i.APP_COMM_Data_Send)
    APP_COMM_If_Data_Send                    0x000004f9   Thumb Code    16  app_comm_if.o(i.APP_COMM_If_Data_Send)
    APP_COMM_If_Init                         0x00000509   Thumb Code     8  app_comm_if.o(i.APP_COMM_If_Init)
    APP_COMM_If_Task                         0x00000511   Thumb Code     8  app_comm_if.o(i.APP_COMM_If_Task)
    Clk_Init                                 0x00000519   Thumb Code    72  clk.o(i.Clk_Init)
    Enable_Interrupt                         0x0000056d   Thumb Code    34  nvic.o(i.Enable_Interrupt)
    I2C0_IRQHandler                          0x00000599   Thumb Code    18  i2c.o(i.I2C0_IRQHandler)
    I2C1_IRQHandler                          0x000005b1   Thumb Code    28  i2c.o(i.I2C1_IRQHandler)
    KBI0_IRQHandler                          0x000005dd   Thumb Code    28  kbi.o(i.KBI0_IRQHandler)
    KBI1_IRQHandler                          0x00000601   Thumb Code    28  kbi.o(i.KBI1_IRQHandler)
    Max_Ser_Ctrl_APP_Data_Send               0x00000625   Thumb Code    16  max_serializer_ctrl.o(i.Max_Ser_Ctrl_APP_Data_Send)
    Max_Ser_Ctrl_Init                        0x00000635   Thumb Code    20  max_serializer_ctrl.o(i.Max_Ser_Ctrl_Init)
    Max_Ser_Ctrl_Task                        0x00000649   Thumb Code     8  max_serializer_ctrl.o(i.Max_Ser_Ctrl_Task)
    Max_Ser_Data_IRQHander                   0x00000915   Thumb Code    60  max_serializer_data.o(i.Max_Ser_Data_IRQHander)
    Max_Ser_Data_Init                        0x00000959   Thumb Code    36  max_serializer_data.o(i.Max_Ser_Data_Init)
    Max_Ser_Data_UART_Read                   0x00000985   Thumb Code    18  max_serializer_data.o(i.Max_Ser_Data_UART_Read)
    Max_Ser_Data_UART_Write                  0x0000099d   Thumb Code    50  max_serializer_data.o(i.Max_Ser_Data_UART_Write)
    Max_Ser_EDID_Cfg_Init                    0x000009d5   Thumb Code   114  max_serializer_data.o(i.Max_Ser_EDID_Cfg_Init)
    Max_Ser_If_Data_APP_Send                 0x00000a4d   Thumb Code    16  max_serializer_if.o(i.Max_Ser_If_Data_APP_Send)
    Max_Ser_If_Init                          0x00000a5d   Thumb Code     8  max_serializer_if.o(i.Max_Ser_If_Init)
    Max_Ser_If_Task                          0x00000a65   Thumb Code     8  max_serializer_if.o(i.Max_Ser_If_Task)
    Max_Ser_Receive_Data_Send                0x00000a6d   Thumb Code    60  max_serializer_data.o(i.Max_Ser_Receive_Data_Send)
    PIT_CH0_IRQHandler                       0x00000aad   Thumb Code    24  pit.o(i.PIT_CH0_IRQHandler)
    PIT_CH1_IRQHandler                       0x00000ac9   Thumb Code    24  pit.o(i.PIT_CH1_IRQHandler)
    RTC_IRQHandler                           0x00000b15   Thumb Code    22  rtc.o(i.RTC_IRQHandler)
    SystemInit                               0x00000b31   Thumb Code    90  system_skeaz1284.o(i.SystemInit)
    UART0_IRQHandler                         0x00000ba1   Thumb Code    10  uart.o(i.UART0_IRQHandler)
    UART1_IRQHandler                         0x00000bb1   Thumb Code    18  uart.o(i.UART1_IRQHandler)
    UART2_IRQHandler                         0x00000bc9   Thumb Code    18  uart.o(i.UART2_IRQHandler)
    UART_GetChar                             0x00000be1   Thumb Code    20  uart.o(i.UART_GetChar)
    UART_Init                                0x00000bf5   Thumb Code   278  uart.o(i.UART_Init)
    UART_SendWait                            0x00000d1d   Thumb Code    40  uart.o(i.UART_SendWait)
    UART_SetCallback                         0x00000d45   Thumb Code    30  uart.o(i.UART_SetCallback)
    WDOG_IRQHandler                          0x00000d71   Thumb Code    30  wdog.o(i.WDOG_IRQHandler)
    main                                     0x00000d99   Thumb Code    24  main.o(i.main)
    Region$$Table$$Base                      0x00000eb0   Number         0  anon$$obj.o(Region$$Table)
    Region$$Table$$Limit                     0x00000ed0   Number         0  anon$$obj.o(Region$$Table)
    ADC_Callback                             0x1ffff000   Data           4  adc.o(.data)
    KBI_Callback                             0x1ffff014   Data           8  kbi.o(.data)
    u8Port                                   0x1ffff01c   Data           4  kbi.o(.data)
    sc                                       0x1ffff020   Data           4  kbi.o(.data)
    pKBI0                                    0x1ffff024   Data           4  kbi.o(.data)
    pKBI1                                    0x1ffff028   Data           4  kbi.o(.data)
    PIT_Callback                             0x1ffff02c   Data           8  pit.o(.data)
    RTC_Callback                             0x1ffff034   Data           4  rtc.o(.data)
    WDOG_Callback                            0x1ffff038   Data           4  wdog.o(.data)
    UART_TxDoneCallback                      0x1ffff814   Data          12  uart.o(.bss)
    UART_RxDoneCallback                      0x1ffff820   Data          12  uart.o(.bss)
    UART_Callback                            0x1ffff82c   Data          12  uart.o(.bss)
    __libspace_start                         0x1ffff8a4   Data          96  libspace.o(.bss)
    __temporary_stack_top$libspace           0x1ffff904   Data           0  libspace.o(.bss)



==============================================================================

Memory Map of the image

  Image Entry point : 0x000000c1

  Load Region LR_IROM1 (Base: 0x00000000, Size: 0x00000f0c, Max: 0x00020000, ABSOLUTE)

    Execution Region ER_IROM1 (Base: 0x00000000, Size: 0x00000ed0, Max: 0x00020000, ABSOLUTE)

    Base Addr    Size         Type   Attr      Idx    E Section Name        Object

    0x00000000   0x000000c0   Data   RO         1294    RESET               startup_skeaz1284.o
    0x000000c0   0x00000008   Code   RO         1346  * !!!main             c_p.l(__main.o)
    0x000000c8   0x0000003c   Code   RO         1515    !!!scatter          c_p.l(__scatter.o)
    0x00000104   0x0000001a   Code   RO         1517    !!handler_copy      c_p.l(__scatter_copy.o)
    0x0000011e   0x00000002   PAD
    0x00000120   0x0000001c   Code   RO         1519    !!handler_zi        c_p.l(__scatter_zi.o)
    0x0000013c   0x00000002   Code   RO         1384    .ARM.Collect$$libinit$$00000000  c_p.l(libinit.o)
    0x0000013e   0x00000000   Code   RO         1398    .ARM.Collect$$libinit$$00000002  c_p.l(libinit2.o)
    0x0000013e   0x00000000   Code   RO         1400    .ARM.Collect$$libinit$$00000004  c_p.l(libinit2.o)
    0x0000013e   0x00000000   Code   RO         1403    .ARM.Collect$$libinit$$0000000A  c_p.l(libinit2.o)
    0x0000013e   0x00000000   Code   RO         1405    .ARM.Collect$$libinit$$0000000C  c_p.l(libinit2.o)
    0x0000013e   0x00000000   Code   RO         1407    .ARM.Collect$$libinit$$0000000E  c_p.l(libinit2.o)
    0x0000013e   0x00000000   Code   RO         1410    .ARM.Collect$$libinit$$00000011  c_p.l(libinit2.o)
    0x0000013e   0x00000000   Code   RO         1412    .ARM.Collect$$libinit$$00000013  c_p.l(libinit2.o)
    0x0000013e   0x00000000   Code   RO         1414    .ARM.Collect$$libinit$$00000015  c_p.l(libinit2.o)
    0x0000013e   0x00000000   Code   RO         1416    .ARM.Collect$$libinit$$00000017  c_p.l(libinit2.o)
    0x0000013e   0x00000000   Code   RO         1418    .ARM.Collect$$libinit$$00000019  c_p.l(libinit2.o)
    0x0000013e   0x00000000   Code   RO         1420    .ARM.Collect$$libinit$$0000001B  c_p.l(libinit2.o)
    0x0000013e   0x00000000   Code   RO         1422    .ARM.Collect$$libinit$$0000001D  c_p.l(libinit2.o)
    0x0000013e   0x00000000   Code   RO         1424    .ARM.Collect$$libinit$$0000001F  c_p.l(libinit2.o)
    0x0000013e   0x00000000   Code   RO         1426    .ARM.Collect$$libinit$$00000021  c_p.l(libinit2.o)
    0x0000013e   0x00000000   Code   RO         1428    .ARM.Collect$$libinit$$00000023  c_p.l(libinit2.o)
    0x0000013e   0x00000000   Code   RO         1430    .ARM.Collect$$libinit$$00000025  c_p.l(libinit2.o)
    0x0000013e   0x00000000   Code   RO         1434    .ARM.Collect$$libinit$$0000002C  c_p.l(libinit2.o)
    0x0000013e   0x00000000   Code   RO         1436    .ARM.Collect$$libinit$$0000002E  c_p.l(libinit2.o)
    0x0000013e   0x00000000   Code   RO         1438    .ARM.Collect$$libinit$$00000030  c_p.l(libinit2.o)
    0x0000013e   0x00000000   Code   RO         1440    .ARM.Collect$$libinit$$00000032  c_p.l(libinit2.o)
    0x0000013e   0x00000002   Code   RO         1441    .ARM.Collect$$libinit$$00000033  c_p.l(libinit2.o)
    0x00000140   0x00000002   Code   RO         1472    .ARM.Collect$$libshutdown$$00000000  c_p.l(libshutdown.o)
    0x00000142   0x00000000   Code   RO         1498    .ARM.Collect$$libshutdown$$00000002  c_p.l(libshutdown2.o)
    0x00000142   0x00000000   Code   RO         1500    .ARM.Collect$$libshutdown$$00000004  c_p.l(libshutdown2.o)
    0x00000142   0x00000000   Code   RO         1503    .ARM.Collect$$libshutdown$$00000007  c_p.l(libshutdown2.o)
    0x00000142   0x00000000   Code   RO         1506    .ARM.Collect$$libshutdown$$0000000A  c_p.l(libshutdown2.o)
    0x00000142   0x00000000   Code   RO         1508    .ARM.Collect$$libshutdown$$0000000C  c_p.l(libshutdown2.o)
    0x00000142   0x00000000   Code   RO         1511    .ARM.Collect$$libshutdown$$0000000F  c_p.l(libshutdown2.o)
    0x00000142   0x00000002   Code   RO         1512    .ARM.Collect$$libshutdown$$00000010  c_p.l(libshutdown2.o)
    0x00000144   0x00000000   Code   RO         1348    .ARM.Collect$$rtentry$$00000000  c_p.l(__rtentry.o)
    0x00000144   0x00000000   Code   RO         1354    .ARM.Collect$$rtentry$$00000002  c_p.l(__rtentry2.o)
    0x00000144   0x00000006   Code   RO         1366    .ARM.Collect$$rtentry$$00000004  c_p.l(__rtentry4.o)
    0x0000014a   0x00000000   Code   RO         1356    .ARM.Collect$$rtentry$$00000009  c_p.l(__rtentry2.o)
    0x0000014a   0x00000004   Code   RO         1357    .ARM.Collect$$rtentry$$0000000A  c_p.l(__rtentry2.o)
    0x0000014e   0x00000000   Code   RO         1359    .ARM.Collect$$rtentry$$0000000C  c_p.l(__rtentry2.o)
    0x0000014e   0x00000008   Code   RO         1360    .ARM.Collect$$rtentry$$0000000D  c_p.l(__rtentry2.o)
    0x00000156   0x00000002   Code   RO         1389    .ARM.Collect$$rtexit$$00000000  c_p.l(rtexit.o)
    0x00000158   0x00000000   Code   RO         1445    .ARM.Collect$$rtexit$$00000002  c_p.l(rtexit2.o)
    0x00000158   0x00000004   Code   RO         1446    .ARM.Collect$$rtexit$$00000003  c_p.l(rtexit2.o)
    0x0000015c   0x00000006   Code   RO         1447    .ARM.Collect$$rtexit$$00000004  c_p.l(rtexit2.o)
    0x00000162   0x00000002   PAD
    0x00000164   0x00000038   Code   RO         1336    .emb_text           c_p.l(rt_memcpy.o)
    0x0000019c   0x00000040   Code   RO         1296    .text               startup_skeaz1284.o
    0x000001dc   0x0000015a   Code   RO         1340    .text               c_p.l(aeabi_sdiv.o)
    0x00000336   0x00000006   Code   RO         1344    .text               c_p.l(heapauxi.o)
    0x0000033c   0x0000003e   Code   RO         1370    .text               c_p.l(sys_stackheap_outer.o)
    0x0000037a   0x00000010   Code   RO         1373    .text               c_p.l(exit.o)
    0x0000038a   0x00000002   PAD
    0x0000038c   0x00000008   Code   RO         1385    .text               c_p.l(libspace.o)
    0x00000394   0x0000000c   Code   RO         1442    .text               c_p.l(sys_exit.o)
    0x000003a0   0x00000002   Code   RO         1461    .text               c_p.l(use_no_semi.o)
    0x000003a2   0x00000000   Code   RO         1463    .text               c_p.l(indicate_semi.o)
    0x000003a2   0x00000002   PAD
    0x000003a4   0x00000018   Code   RO          100    i.ADC_IRQHandler    adc.o
    0x000003bc   0x00000040   Code   RO         1156    i.APP_COMM_Data_IRQHander  app_comm_data.o
    0x000003fc   0x00000004   PAD
    0x00000400   0x00000010   Code   RO         1295    .ARM.__at_0x400     startup_skeaz1284.o
    0x00000410   0x00000008   Code   RO         1157    i.APP_COMM_Data_Init  app_comm_data.o
    0x00000418   0x0000001c   Code   RO         1158    i.APP_COMM_Data_SER_Send  app_comm_data.o
    0x00000434   0x00000034   Code   RO         1159    i.APP_COMM_Data_SER_Task  app_comm_data.o
    0x00000468   0x0000001c   Code   RO         1160    i.APP_COMM_Data_Send  app_comm_data.o
    0x00000484   0x00000074   Code   RO         1161    i.APP_COMM_Data_UART_Init  app_comm_data.o
    0x000004f8   0x00000010   Code   RO         1230    i.APP_COMM_If_Data_Send  app_comm_if.o
    0x00000508   0x00000008   Code   RO         1231    i.APP_COMM_If_Init  app_comm_if.o
    0x00000510   0x00000008   Code   RO         1232    i.APP_COMM_If_Task  app_comm_if.o
    0x00000518   0x00000054   Code   RO            3    i.Clk_Init          clk.o
    0x0000056c   0x0000002c   Code   RO          571    i.Enable_Interrupt  nvic.o
    0x00000598   0x00000018   Code   RO          197    i.I2C0_IRQHandler   i2c.o
    0x000005b0   0x00000024   Code   RO          199    i.I2C1_IRQHandler   i2c.o
    0x000005d4   0x00000008   Code   RO          201    i.I2C_ClearStatus   i2c.o
    0x000005dc   0x00000024   Code   RO          519    i.KBI0_IRQHandler   kbi.o
    0x00000600   0x00000024   Code   RO          520    i.KBI1_IRQHandler   kbi.o
    0x00000624   0x00000010   Code   RO          810    i.Max_Ser_Ctrl_APP_Data_Send  max_serializer_ctrl.o
    0x00000634   0x00000014   Code   RO          811    i.Max_Ser_Ctrl_Init  max_serializer_ctrl.o
    0x00000648   0x00000008   Code   RO          812    i.Max_Ser_Ctrl_Task  max_serializer_ctrl.o
    0x00000650   0x000000a4   Code   RO          813    i.Max_Ser_Data_Cfg_Init_After_Edid  max_serializer_ctrl.o
    0x000006f4   0x000000ee   Code   RO          814    i.Max_Ser_Data_Cfg_Init_Before_Edid  max_serializer_ctrl.o
    0x000007e2   0x00000002   PAD
    0x000007e4   0x000000bc   Code   RO          876    i.Max_Ser_Data_GPIO_Init  max_serializer_data.o
    0x000008a0   0x00000074   Code   RO          877    i.Max_Ser_Data_I2C_Or_Uart_Init  max_serializer_data.o
    0x00000914   0x00000044   Code   RO          878    i.Max_Ser_Data_IRQHander  max_serializer_data.o
    0x00000958   0x0000002c   Code   RO          879    i.Max_Ser_Data_Init  max_serializer_data.o
    0x00000984   0x00000018   Code   RO          880    i.Max_Ser_Data_UART_Read  max_serializer_data.o
    0x0000099c   0x00000038   Code   RO          881    i.Max_Ser_Data_UART_Write  max_serializer_data.o
    0x000009d4   0x00000078   Code   RO          882    i.Max_Ser_EDID_Cfg_Init  max_serializer_data.o
    0x00000a4c   0x00000010   Code   RO          948    i.Max_Ser_If_Data_APP_Send  max_serializer_if.o
    0x00000a5c   0x00000008   Code   RO          949    i.Max_Ser_If_Init   max_serializer_if.o
    0x00000a64   0x00000008   Code   RO          950    i.Max_Ser_If_Task   max_serializer_if.o
    0x00000a6c   0x00000040   Code   RO          883    i.Max_Ser_Receive_Data_Send  max_serializer_data.o
    0x00000aac   0x0000001c   Code   RO          599    i.PIT_CH0_IRQHandler  pit.o
    0x00000ac8   0x0000001c   Code   RO          600    i.PIT_CH1_IRQHandler  pit.o
    0x00000ae4   0x0000001c   Code   RO          601    i.PIT_ChannelClrFlags  pit.o
    0x00000b00   0x00000014   Code   RO          675    i.RTC_ClrFlags      rtc.o
    0x00000b14   0x0000001c   Code   RO          677    i.RTC_IRQHandler    rtc.o
    0x00000b30   0x00000070   Code   RO         1305    i.SystemInit        system_skeaz1284.o
    0x00000ba0   0x00000010   Code   RO          983    i.UART0_IRQHandler  uart.o
    0x00000bb0   0x00000018   Code   RO          984    i.UART1_IRQHandler  uart.o
    0x00000bc8   0x00000018   Code   RO          985    i.UART2_IRQHandler  uart.o
    0x00000be0   0x00000014   Code   RO          988    i.UART_GetChar      uart.o
    0x00000bf4   0x00000128   Code   RO          990    i.UART_Init         uart.o
    0x00000d1c   0x00000028   Code   RO          993    i.UART_SendWait     uart.o
    0x00000d44   0x0000002c   Code   RO          995    i.UART_SetCallback  uart.o
    0x00000d70   0x00000028   Code   RO          731    i.WDOG_IRQHandler   wdog.o
    0x00000d98   0x00000018   Code   RO           63    i.main              main.o
    0x00000db0   0x00000100   Data   RO          885    .constdata          max_serializer_data.o
    0x00000eb0   0x00000020   Data   RO         1513    Region$$Table       anon$$obj.o


    Execution Region RW_IRAM1 (Base: 0x1ffff000, Size: 0x00001808, Max: 0x00004000, ABSOLUTE)

    Base Addr    Size         Type   Attr      Idx    E Section Name        Object

    0x1ffff000   0x00000004   Data   RW          110    .data               adc.o
    0x1ffff004   0x00000010   Data   RW          222    .data               i2c.o
    0x1ffff014   0x00000018   Data   RW          525    .data               kbi.o
    0x1ffff02c   0x00000008   Data   RW          609    .data               pit.o
    0x1ffff034   0x00000004   Data   RW          680    .data               rtc.o
    0x1ffff038   0x00000004   Data   RW          735    .data               wdog.o
    0x1ffff03c   0x000007d8   Zero   RW          884    .bss                max_serializer_data.o
    0x1ffff814   0x00000024   Zero   RW          997    .bss                uart.o
    0x1ffff838   0x0000006c   Zero   RW         1162    .bss                app_comm_data.o
    0x1ffff8a4   0x00000060   Zero   RW         1386    .bss                c_p.l(libspace.o)
    0x1ffff904   0x00000004   PAD
    0x1ffff908   0x00000000   Zero   RW         1293    HEAP                startup_skeaz1284.o
    0x1ffff908   0x00000f00   Zero   RW         1292    STACK               startup_skeaz1284.o


==============================================================================

Image component sizes


      Code (inc. data)   RO Data    RW Data    ZI Data      Debug   Object Name

        24          6          0          4          0       4468   adc.o
       296         36          0          0        108       7576   app_comm_data.o
        32          0          0          0          0       1842   app_comm_if.o
        84         12          0          0          0     108075   clk.o
        68         14          0         16          0       4096   i2c.o
        72         16          0         24          0       2893   kbi.o
        24          0          0          0          0        419   main.o
       446          6          0          0          0       4441   max_serializer_ctrl.o
       680         60        256          0       2008       8380   max_serializer_data.o
        32          0          0          0          0       1919   max_serializer_if.o
        44         10          0          0          0       7183   nvic.o
        84         14          0          8          0       2821   pit.o
        48         12          0          4          0       2336   rtc.o
        80         44        192          0       3840        916   startup_skeaz1284.o
       112         22          0          0          0        485   system_skeaz1284.o
       464         50          0          0         36       7811   uart.o
        40         10          0          4          0       1982   wdog.o

    ----------------------------------------------------------------------
      2636        316        480         60       5992     167643   Object Totals
         0          0         32          0          0          0   (incl. Generated)
         6          4          0          0          0          0   (incl. Padding)

    ----------------------------------------------------------------------

      Code (inc. data)   RO Data    RW Data    ZI Data      Debug   Library Member Name

         8          0          0          0          0         68   __main.o
         0          0          0          0          0          0   __rtentry.o
        12          0          0          0          0          0   __rtentry2.o
         6          0          0          0          0          0   __rtentry4.o
        60          8          0          0          0          0   __scatter.o
        26          0          0          0          0          0   __scatter_copy.o
        28          0          0          0          0          0   __scatter_zi.o
       346          0          0          0          0         92   aeabi_sdiv.o
        16          0          0          0          0         68   exit.o
         6          0          0          0          0        136   heapauxi.o
         0          0          0          0          0          0   indicate_semi.o
         2          0          0          0          0          0   libinit.o
         2          0          0          0          0          0   libinit2.o
         2          0          0          0          0          0   libshutdown.o
         2          0          0          0          0          0   libshutdown2.o
         8          4          0          0         96         68   libspace.o
        56          0          0          0          0         68   rt_memcpy.o
         2          0          0          0          0          0   rtexit.o
        10          0          0          0          0          0   rtexit2.o
        12          4          0          0          0         60   sys_exit.o
        62          0          0          0          0         80   sys_stackheap_outer.o
         2          0          0          0          0         68   use_no_semi.o

    ----------------------------------------------------------------------
       676         16          0          0        100        708   Library Totals
         8          0          0          0          4          0   (incl. Padding)

    ----------------------------------------------------------------------

      Code (inc. data)   RO Data    RW Data    ZI Data      Debug   Library Name

       668         16          0          0         96        708   c_p.l

    ----------------------------------------------------------------------
       676         16          0          0        100        708   Library Totals

    ----------------------------------------------------------------------

==============================================================================


      Code (inc. data)   RO Data    RW Data    ZI Data      Debug   

      3312        332        480         60       6092     166131   Grand Totals
      3312        332        480         60       6092     166131   ELF Image Totals
      3312        332        480         60          0          0   ROM Totals

==============================================================================

    Total RO  Size (Code + RO Data)                 3792 (   3.70kB)
    Total RW  Size (RW Data + ZI Data)              6152 (   6.01kB)
    Total ROM Size (Code + RO Data + RW Data)       3852 (   3.76kB)

==============================================================================

